Component: ARM Compiler 5.06 update 7 (build 960) Tool: armlink [4d3601]

==============================================================================

Section Cross References

    startup_stm32f411xe.o(STACK) refers (Special) to heapauxi.o(.text) for __use_two_region_memory
    startup_stm32f411xe.o(HEAP) refers (Special) to heapauxi.o(.text) for __use_two_region_memory
    startup_stm32f411xe.o(RESET) refers (Special) to heapauxi.o(.text) for __use_two_region_memory
    startup_stm32f411xe.o(RESET) refers to startup_stm32f411xe.o(STACK) for __initial_sp
    startup_stm32f411xe.o(RESET) refers to startup_stm32f411xe.o(.text) for Reset_Handler
    startup_stm32f411xe.o(RESET) refers to stm32f4xx_it.o(i.NMI_Handler) for NMI_Handler
    startup_stm32f411xe.o(RESET) refers to stm32f4xx_it.o(i.HardFault_Handler) for HardFault_Handler
    startup_stm32f411xe.o(RESET) refers to stm32f4xx_it.o(i.MemManage_Handler) for MemManage_Handler
    startup_stm32f411xe.o(RESET) refers to stm32f4xx_it.o(i.BusFault_Handler) for BusFault_Handler
    startup_stm32f411xe.o(RESET) refers to stm32f4xx_it.o(i.UsageFault_Handler) for UsageFault_Handler
    startup_stm32f411xe.o(RESET) refers to port.o(.emb_text) for SVC_Handler
    startup_stm32f411xe.o(RESET) refers to stm32f4xx_it.o(i.DebugMon_Handler) for DebugMon_Handler
    startup_stm32f411xe.o(RESET) refers to port.o(i.SysTick_Handler) for SysTick_Handler
    startup_stm32f411xe.o(RESET) refers to stm32f4xx_it.o(i.EXTI4_IRQHandler) for EXTI4_IRQHandler
    startup_stm32f411xe.o(RESET) refers to stm32f4xx_it.o(i.DMA1_Stream6_IRQHandler) for DMA1_Stream6_IRQHandler
    startup_stm32f411xe.o(RESET) refers to stm32f4xx_it.o(i.TIM1_UP_TIM10_IRQHandler) for TIM1_UP_TIM10_IRQHandler
    startup_stm32f411xe.o(RESET) refers to usart.o(i.USART2_IRQHandler) for USART2_IRQHandler
    startup_stm32f411xe.o(.text) refers (Special) to heapauxi.o(.text) for __use_two_region_memory
    startup_stm32f411xe.o(.text) refers to system_stm32f4xx.o(i.SystemInit) for SystemInit
    startup_stm32f411xe.o(.text) refers to __main.o(!!!main) for __main
    startup_stm32f411xe.o(.text) refers to startup_stm32f411xe.o(HEAP) for Heap_Mem
    startup_stm32f411xe.o(.text) refers to startup_stm32f411xe.o(STACK) for Stack_Mem
    main.o(i.HAL_TIM_PeriodElapsedCallback) refers to stm32f4xx_hal.o(i.HAL_IncTick) for HAL_IncTick
    main.o(i.SystemClock_Config) refers to rt_memclr_w.o(.text) for __aeabi_memclr4
    main.o(i.SystemClock_Config) refers to stm32f4xx_hal_rcc.o(i.HAL_RCC_OscConfig) for HAL_RCC_OscConfig
    main.o(i.SystemClock_Config) refers to stm32f4xx_hal_rcc.o(i.HAL_RCC_ClockConfig) for HAL_RCC_ClockConfig
    main.o(i.SystemClock_Config) refers to stm32f4xx_hal_rcc.o(i.HAL_RCC_MCOConfig) for HAL_RCC_MCOConfig
    main.o(i.main) refers to stm32f4xx_hal.o(i.HAL_Init) for HAL_Init
    main.o(i.main) refers to main.o(i.SystemClock_Config) for SystemClock_Config
    main.o(i.main) refers to usart.o(i.usart1_init) for usart1_init
    main.o(i.main) refers to usart.o(i.usart2_init) for usart2_init
    main.o(i.main) refers to iic.o(i.I2C1_Init) for I2C1_Init
    main.o(i.main) refers to usart_comm.o(i.usart_comm_init) for usart_comm_init
    main.o(i.main) refers to motor.o(i.motorsInit) for motorsInit
    main.o(i.main) refers to radio_comm.o(i.radio_init) for radio_init
    main.o(i.main) refers to atkp.o(i.atkp_init) for atkp_init
    main.o(i.main) refers to tasks.o(i.xTaskCreate) for xTaskCreate
    main.o(i.main) refers to tasks.o(i.vTaskStartScheduler) for vTaskStartScheduler
    main.o(i.main) refers to main.o(.data) for .data
    main.o(i.main) refers to main.o(i.start_task) for start_task
    main.o(i.start_task) refers to port.o(i.vPortEnterCritical) for vPortEnterCritical
    main.o(i.start_task) refers to tasks.o(i.xTaskCreate) for xTaskCreate
    main.o(i.start_task) refers to tasks.o(i.vTaskDelete) for vTaskDelete
    main.o(i.start_task) refers to port.o(i.vPortExitCritical) for vPortExitCritical
    main.o(i.start_task) refers to main.o(.data) for .data
    main.o(i.start_task) refers to radio_comm.o(i.radio_comm_task) for radio_comm_task
    main.o(i.start_task) refers to atkp.o(i.atkp_rx_task) for atkp_rx_task
    freertos.o(i.vApplicationGetIdleTaskMemory) refers to freertos.o(.bss) for .bss
    freertos.o(i.vApplicationGetTimerTaskMemory) refers to freertos.o(.bss) for .bss
    stm32f4xx_it.o(i.DMA1_Stream6_IRQHandler) refers to stm32f4xx_hal_dma.o(i.HAL_DMA_IRQHandler) for HAL_DMA_IRQHandler
    stm32f4xx_it.o(i.DMA1_Stream6_IRQHandler) refers to usart.o(.bss) for usart2_dma
    stm32f4xx_it.o(i.EXTI4_IRQHandler) refers to sensors.o(i.EXTI4_Callback) for EXTI4_Callback
    stm32f4xx_it.o(i.TIM1_UP_TIM10_IRQHandler) refers to stm32f4xx_hal_tim.o(i.HAL_TIM_IRQHandler) for HAL_TIM_IRQHandler
    stm32f4xx_it.o(i.TIM1_UP_TIM10_IRQHandler) refers to stm32f4xx_hal_timebase_tim.o(.bss) for htim1
[...]
    x$fpl$dretinf                            0x080054b0   Section       12  dretinf.o(x$fpl$dretinf)
    $v0                                      0x080054b0   Number         0  dretinf.o(x$fpl$dretinf)
    x$fpl$f2d                                0x080054bc   Section       86  f2d.o(x$fpl$f2d)
    $v0                                      0x080054bc   Number         0  f2d.o(x$fpl$f2d)
    x$fpl$fnaninf                            0x08005512   Section      140  fnaninf.o(x$fpl$fnaninf)
    $v0                                      0x08005512   Number         0  fnaninf.o(x$fpl$fnaninf)
    x$fpl$fpinit                             0x0800559e   Section       10  fpinit.o(x$fpl$fpinit)
    $v0                                      0x0800559e   Number         0  fpinit.o(x$fpl$fpinit)
    x$fpl$printf1                            0x080055a8   Section        4  printf1.o(x$fpl$printf1)
    $v0                                      0x080055a8   Number         0  printf1.o(x$fpl$printf1)
    .constdata                               0x080055ac   Section        8  stm32f4xx_hal_dma.o(.constdata)
    x$fpl$usenofp                            0x080055ac   Section        0  usenofp.o(x$fpl$usenofp)
    flagBitshiftOffset                       0x080055ac   Data           8  stm32f4xx_hal_dma.o(.constdata)
    .constdata                               0x080055b4   Section       16  system_stm32f4xx.o(.constdata)
    .constdata                               0x080055c4   Section        8  system_stm32f4xx.o(.constdata)
    .constdata                               0x080055cc   Section       40  _printf_hex_int.o(.constdata)
    uc_hextab                                0x080055cc   Data          20  _printf_hex_int.o(.constdata)
    lc_hextab                                0x080055e0   Data          20  _printf_hex_int.o(.constdata)
    .constdata                               0x080055f4   Section      148  bigflt0.o(.constdata)
    tenpwrs_x                                0x080055f4   Data          60  bigflt0.o(.constdata)
    tenpwrs_i                                0x08005630   Data          64  bigflt0.o(.constdata)
    locale$$data                             0x080056a8   Section       28  lc_numeric_c.o(locale$$data)
    __lcnum_c_name                           0x080056ac   Data           2  lc_numeric_c.o(locale$$data)
    __lcnum_c_start                          0x080056b4   Data           0  lc_numeric_c.o(locale$$data)
    __lcnum_c_point                          0x080056c0   Data           0  lc_numeric_c.o(locale$$data)
    __lcnum_c_thousands                      0x080056c2   Data           0  lc_numeric_c.o(locale$$data)
    __lcnum_c_grouping                       0x080056c3   Data           0  lc_numeric_c.o(locale$$data)
    __lcnum_c_end                            0x080056c4   Data           0  lc_numeric_c.o(locale$$data)
    .data                                    0x20000000   Section       12  main.o(.data)
    .data                                    0x2000000c   Section       12  stm32f4xx_hal.o(.data)
    .data                                    0x20000018   Section        4  system_stm32f4xx.o(.data)
    .data                                    0x2000001c   Section       60  tasks.o(.data)
    uxDeletedTasksWaitingCleanUp             0x20000020   Data           4  tasks.o(.data)
    uxCurrentNumberOfTasks                   0x20000024   Data           4  tasks.o(.data)
    xTickCount                               0x20000028   Data           4  tasks.o(.data)
    uxTopReadyPriority                       0x2000002c   Data           4  tasks.o(.data)
    xSchedulerRunning                        0x20000030   Data           4  tasks.o(.data)
    xPendedTicks                             0x20000034   Data           4  tasks.o(.data)
    xYieldPending                            0x20000038   Data           4  tasks.o(.data)
    xNumOfOverflows                          0x2000003c   Data           4  tasks.o(.data)
    uxTaskNumber                             0x20000040   Data           4  tasks.o(.data)
    xNextTaskUnblockTime                     0x20000044   Data           4  tasks.o(.data)
    xIdleTaskHandle                          0x20000048   Data           4  tasks.o(.data)
    uxSchedulerSuspended                     0x2000004c   Data           4  tasks.o(.data)
    pxDelayedTaskList                        0x20000050   Data           4  tasks.o(.data)
    pxOverflowDelayedTaskList                0x20000054   Data           4  tasks.o(.data)
    .data                                    0x20000058   Section       20  timers.o(.data)
    xTimerQueue                              0x20000058   Data           4  timers.o(.data)
    xTimerTaskHandle                         0x2000005c   Data           4  timers.o(.data)
    xLastTime                                0x20000060   Data           4  timers.o(.data)
    pxCurrentTimerList                       0x20000064   Data           4  timers.o(.data)
    pxOverflowTimerList                      0x20000068   Data           4  timers.o(.data)
    .data                                    0x2000006c   Section       32  heap_4.o(.data)
    pxEnd                                    0x2000006c   Data           4  heap_4.o(.data)
    xFreeBytesRemaining                      0x20000070   Data           4  heap_4.o(.data)
    xMinimumEverFreeBytesRemaining           0x20000074   Data           4  heap_4.o(.data)
    xNumberOfSuccessfulAllocations           0x20000078   Data           4  heap_4.o(.data)
    xNumberOfSuccessfulFrees                 0x2000007c   Data           4  heap_4.o(.data)
    xBlockAllocatedBit                       0x20000080   Data           4  heap_4.o(.data)
    xStart                                   0x20000084   Data           8  heap_4.o(.data)
    .data                                    0x2000008c   Section       12  port.o(.data)
    ucMaxSysCallPriority                     0x2000008c   Data           1  port.o(.data)
    uxCriticalNesting                        0x20000090   Data           4  port.o(.data)
    ulMaxPRIGROUPValue                       0x20000094   Data           4  port.o(.data)
    .data                                    0x20000098   Section        4  usart.o(.data)
    .data                                    0x2000009c   Section        1  usart.o(.data)
    .data                                    0x200000a0   Section        4  usart_comm.o(.data)
    .data                                    0x200000a4   Section        8  radio_comm.o(.data)
    rx_state                                 0x200000a4   Data           1  radio_comm.o(.data)
    tx_queue                                 0x200000a8   Data           4  radio_comm.o(.data)
    .data                                    0x200000ac   Section        4  atkp.o(.data)
    rxQueue                                  0x200000ac   Data           4  atkp.o(.data)
    .data                                    0x200000b0   Section        1  remoter.o(.data)
    reSendTimes                              0x200000b0   Data           1  remoter.o(.data)
    .data                                    0x200000b1   Section        1  commander.o(.data)
    commander                                0x200000b1   Data           1  commander.o(.data)
    .data                                    0x200000b8   Section       72  sensors.o(.data)
    gyroBiasFound                            0x200000b8   Data           1  sensors.o(.data)
    accBiasFound                             0x200000b9   Data           1  sensors.o(.data)
    accScaleSum                              0x200000bc   Data           4  sensors.o(.data)
    accScale                                 0x200000c0   Data           4  sensors.o(.data)
    accScaleSumCount                         0x200000c4   Data           4  sensors.o(.data)
    temp                                     0x200000c8   Data           4  sensors.o(.data)
    pressure                                 0x200000cc   Data           4  sensors.o(.data)
    accelerometerDataQueue                   0x200000d0   Data           4  sensors.o(.data)
    gyroDataQueue                            0x200000d4   Data           4  sensors.o(.data)
    magnetometerDataQueue                    0x200000d8   Data           4  sensors.o(.data)
    barometerDataQueue                       0x200000dc   Data           4  sensors.o(.data)
    sensorsDataReady                         0x200000e0   Data           4  sensors.o(.data)
    gyroRaw                                  0x200000e4   Data           6  sensors.o(.data)
    accRaw                                   0x200000ea   Data           6  sensors.o(.data)
    magRaw                                   0x200000f0   Data           6  sensors.o(.data)
    .data                                    0x20000100   Section        1  motor.o(.data)
    isInit                                   0x20000100   Data           1  motor.o(.data)
    .bss                                     0x20000104   Section     1368  freertos.o(.bss)
    xIdleTaskTCBBuffer                       0x20000104   Data          84  freertos.o(.bss)
    xIdleStack                               0x20000158   Data         600  freertos.o(.bss)
    xTimerTaskTCBBuffer                      0x200003b0   Data          84  freertos.o(.bss)
    xTimerStack                              0x20000404   Data         600  freertos.o(.bss)
    .bss                                     0x2000065c   Section       72  stm32f4xx_hal_timebase_tim.o(.bss)
    .bss                                     0x200006a4   Section       64  queue.o(.bss)
    .bss                                     0x200006e4   Section      300  tasks.o(.bss)
    pxReadyTasksLists                        0x200006e4   Data         200  tasks.o(.bss)
    xDelayedTaskList1                        0x200007ac   Data          20  tasks.o(.bss)
    xDelayedTaskList2                        0x200007c0   Data          20  tasks.o(.bss)
    xPendingReadyList                        0x200007d4   Data          20  tasks.o(.bss)
    xTasksWaitingTermination                 0x200007e8   Data          20  tasks.o(.bss)
    xSuspendedTaskList                       0x200007fc   Data          20  tasks.o(.bss)
    .bss                                     0x20000810   Section      352  timers.o(.bss)
    xStaticTimerQueue                        0x20000810   Data          72  timers.o(.bss)
    ucStaticTimerQueueStorage                0x20000858   Data         240  timers.o(.bss)
    xActiveTimerList1                        0x20000948   Data          20  timers.o(.bss)
    xActiveTimerList2                        0x2000095c   Data          20  timers.o(.bss)
    .bss                                     0x20000970   Section    30720  heap_4.o(.bss)
    ucHeap                                   0x20000970   Data       30720  heap_4.o(.bss)
    .bss                                     0x20008170   Section      240  usart.o(.bss)
    .bss                                     0x20008260   Section       84  iic.o(.bss)
    .bss                                     0x200082b4   Section       64  radio_comm.o(.bss)
    tx_packet                                0x200082b4   Data          32  radio_comm.o(.bss)
    rx_packet                                0x200082d4   Data          32  radio_comm.o(.bss)
    .bss                                     0x200082f4   Section       36  remoter.o(.bss)
    remoterCtrl                              0x200082f4   Data          22  remoter.o(.bss)
    msg                                      0x2000830a   Data          14  remoter.o(.bss)
    .bss                                     0x20008318   Section       52  commander.o(.bss)
    remoteCache                              0x20008318   Data          52  commander.o(.bss)
    .bss                                     0x2000834c   Section      144  motor.o(.bss)
    .bss                                     0x200083dc   Section       96  libspace.o(.bss)
    HEAP                                     0x20008440   Section      512  startup_stm32f411xe.o(HEAP)
    Heap_Mem                                 0x20008440   Data         512  startup_stm32f411xe.o(HEAP)
    STACK                                    0x20008640   Section     1024  startup_stm32f411xe.o(STACK)
    Stack_Mem                                0x20008640   Data        1024  startup_stm32f411xe.o(STACK)
    __initial_sp                             0x20008a40   Data           0  startup_stm32f411xe.o(STACK)

    Global Symbols

    Symbol Name                              Value     Ov Type        Size  Object(Section)

    BuildAttributes$$THM_ISAv4$E$P$D$K$B$S$7EM$VFPi3$EXTD16$VFPS$VFMA$PE$A:L22UL41UL21$X:L11$S22US41US21$IEEE1$IW$USESV6$~STKCKD$USESV7$~SHL$OTIME$ROPI$IEEEX$EBA8$UX$STANDARDLIB$REQ8$PRES8$EABIv2 0x00000000   Number         0  anon$$obj.o ABSOLUTE
    __ARM_use_no_argv                        0x00000000   Number         0  main.o ABSOLUTE
    __ARM_exceptions_init                     - Undefined Weak Reference
    __alloca_initialize                       - Undefined Weak Reference
    __arm_fini_                               - Undefined Weak Reference
    __arm_preinit_                            - Undefined Weak Reference
    __cpp_initialize__aeabi_                  - Undefined Weak Reference
    __cxa_finalize                            - Undefined Weak Reference
    __sigvec_lookup                           - Undefined Weak Reference
    _atexit_init                              - Undefined Weak Reference
    _call_atexit_fns                          - Undefined Weak Reference
    _clock_init                               - Undefined Weak Reference
    _fp_trap_init                             - Undefined Weak Reference
    _fp_trap_shutdown                         - Undefined Weak Reference
    _get_lc_collate                           - Undefined Weak Reference
    _get_lc_ctype                             - Undefined Weak Reference
    _get_lc_monetary                          - Undefined Weak Reference
    _get_lc_time                              - Undefined Weak Reference
    _getenv_init                              - Undefined Weak Reference
    _handle_redirection                       - Undefined Weak Reference
    _init_alloc                               - Undefined Weak Reference
    _init_user_alloc                          - Undefined Weak Reference
    _initio                                   - Undefined Weak Reference
    _mutex_acquire                            - Undefined Weak Reference
    _mutex_release                            - Undefined Weak Reference
    _printf_post_padding                      - Undefined Weak Reference
    _printf_pre_padding                       - Undefined Weak Reference
    _printf_truncate_unsigned                 - Undefined Weak Reference
    _rand_init                                - Undefined Weak Reference
    _signal_finish                            - Undefined Weak Reference
    _signal_init                              - Undefined Weak Reference
    _terminate_alloc                          - Undefined Weak Reference
    _terminate_user_alloc                     - Undefined Weak Reference
    _terminateio                              - Undefined Weak Reference
    __Vectors_Size                           0x00000198   Number         0  startup_stm32f411xe.o ABSOLUTE
    __Vectors                                0x08000000   Data           4  startup_stm32f411xe.o(RESET)
    __Vectors_End                            0x08000198   Data           0  startup_stm32f411xe.o(RESET)
    __main                                   0x08000199   Thumb Code     8  __main.o(!!!main)
    __scatterload                            0x080001a1   Thumb Code     0  __scatter.o(!!!scatter)
    __scatterload_rt2                        0x080001a1   Thumb Code    44  __scatter.o(!!!scatter)
    __scatterload_rt2_thumb_only             0x080001a1   Thumb Code     0  __scatter.o(!!!scatter)
    __scatterload_null                       0x080001af   Thumb Code     0  __scatter.o(!!!scatter)
    __scatterload_copy                       0x080001d5   Thumb Code    26  __scatter_copy.o(!!handler_copy)
    __scatterload_zeroinit                   0x080001f1   Thumb Code    28  __scatter_zi.o(!!handler_zi)
    _printf_f                                0x0800020d   Thumb Code     0  _printf_f.o(.ARM.Collect$$_printf_percent$$00000003)
    _printf_percent                          0x0800020d   Thumb Code     0  _printf_percent.o(.ARM.Collect$$_printf_percent$$00000000)
    _printf_x                                0x08000213   Thumb Code     0  _printf_x.o(.ARM.Collect$$_printf_percent$$0000000C)
    _printf_percent_end                      0x08000219   Thumb Code     0  _printf_percent_end.o(.ARM.Collect$$_printf_percent$$00000017)
    __rt_lib_init                            0x0800021d   Thumb Code     0  libinit.o(.ARM.Collect$$libinit$$00000000)
    __rt_lib_init_fp_1                       0x0800021f   Thumb Code     0  libinit2.o(.ARM.Collect$$libinit$$00000001)
    __rt_lib_init_heap_1                     0x08000223   Thumb Code     0  libinit2.o(.ARM.Collect$$libinit$$0000000A)
    __rt_lib_init_lc_common                  0x08000223   Thumb Code     0  libinit2.o(.ARM.Collect$$libinit$$0000000F)
    __rt_lib_init_preinit_1                  0x08000223   Thumb Code     0  libinit2.o(.ARM.Collect$$libinit$$00000004)
    __rt_lib_init_rand_1                     0x08000223   Thumb Code     0  libinit2.o(.ARM.Collect$$libinit$$0000000E)
    __rt_lib_init_user_alloc_1               0x08000223   Thumb Code     0  libinit2.o(.ARM.Collect$$libinit$$0000000C)
    __rt_lib_init_lc_collate_1               0x08000229   Thumb Code     0  libinit2.o(.ARM.Collect$$libinit$$00000011)
    __rt_lib_init_lc_ctype_1                 0x08000229   Thumb Code     0  libinit2.o(.ARM.Collect$$libinit$$00000013)
    __rt_lib_init_lc_monetary_1              0x08000229   Thumb Code     0  libinit2.o(.ARM.Collect$$libinit$$00000015)
    __rt_lib_init_lc_numeric_2               0x08000229   Thumb Code     0  libinit2.o(.ARM.Collect$$libinit$$00000016)
    __rt_lib_init_alloca_1                   0x08000233   Thumb Code     0  libinit2.o(.ARM.Collect$$libinit$$0000002E)
    __rt_lib_init_argv_1                     0x08000233   Thumb Code     0  libinit2.o(.ARM.Collect$$libinit$$0000002C)
    __rt_lib_init_atexit_1                   0x08000233   Thumb Code     0  libinit2.o(.ARM.Collect$$libinit$$0000001B)
    __rt_lib_init_clock_1                    0x08000233   Thumb Code     0  libinit2.o(.ARM.Collect$$libinit$$00000021)
    __rt_lib_init_cpp_1                      0x08000233   Thumb Code     0  libinit2.o(.ARM.Collect$$libinit$$00000032)
    __rt_lib_init_exceptions_1               0x08000233   Thumb Code     0  libinit2.o(.ARM.Collect$$libinit$$00000030)
    __rt_lib_init_fp_trap_1                  0x08000233   Thumb Code     0  libinit2.o(.ARM.Collect$$libinit$$0000001F)
    __rt_lib_init_getenv_1                   0x08000233   Thumb Code     0  libinit2.o(.ARM.Collect$$libinit$$00000023)
    __rt_lib_init_lc_numeric_1               0x08000233   Thumb Code     0  libinit2.o(.ARM.Collect$$libinit$$00000017)
    __rt_lib_init_lc_time_1                  0x08000233   Thumb Code     0  libinit2.o(.ARM.Collect$$libinit$$00000019)
    __rt_lib_init_return                     0x08000233   Thumb Code     0  libinit2.o(.ARM.Collect$$libinit$$00000033)
    __rt_lib_init_signal_1                   0x08000233   Thumb Code     0  libinit2.o(.ARM.Collect$$libinit$$0000001D)
    __rt_lib_init_stdio_1                    0x08000233   Thumb Code     0  libinit2.o(.ARM.Collect$$libinit$$00000025)
    __rt_lib_shutdown                        0x08000235   Thumb Code     0  libshutdown.o(.ARM.Collect$$libshutdown$$00000000)
    __rt_lib_shutdown_cpp_1                  0x08000237   Thumb Code     0  libshutdown2.o(.ARM.Collect$$libshutdown$$00000004)
    __rt_lib_shutdown_fini_1                 0x08000237   Thumb Code     0  libshutdown2.o(.ARM.Collect$$libshutdown$$00000002)
    __rt_lib_shutdown_fp_trap_1              0x08000237   Thumb Code     0  libshutdown2.o(.ARM.Collect$$libshutdown$$00000009)
    __rt_lib_shutdown_heap_1                 0x08000237   Thumb Code     0  libshutdown2.o(.ARM.Collect$$libshutdown$$00000011)
    __rt_lib_shutdown_return                 0x08000237   Thumb Code     0  libshutdown2.o(.ARM.Collect$$libshutdown$$00000012)
    __rt_lib_shutdown_signal_1               0x08000237   Thumb Code     0  libshutdown2.o(.ARM.Collect$$libshutdown$$0000000C)
    __rt_lib_shutdown_stdio_1                0x08000237   Thumb Code     0  libshutdown2.o(.ARM.Collect$$libshutdown$$00000006)
    __rt_lib_shutdown_user_alloc_1           0x08000237   Thumb Code     0  libshutdown2.o(.ARM.Collect$$libshutdown$$0000000E)
    __rt_entry                               0x08000239   Thumb Code     0  __rtentry.o(.ARM.Collect$$rtentry$$00000000)
    __rt_entry_presh_1                       0x08000239   Thumb Code     0  __rtentry2.o(.ARM.Collect$$rtentry$$00000002)
    __rt_entry_sh                            0x08000239   Thumb Code     0  __rtentry4.o(.ARM.Collect$$rtentry$$00000004)
    __rt_entry_li                            0x0800023f   Thumb Code     0  __rtentry2.o(.ARM.Collect$$rtentry$$0000000A)
    __rt_entry_postsh_1                      0x0800023f   Thumb Code     0  __rtentry2.o(.ARM.Collect$$rtentry$$00000009)
    __rt_entry_main                          0x08000243   Thumb Code     0  __rtentry2.o(.ARM.Collect$$rtentry$$0000000D)
    __rt_entry_postli_1                      0x08000243   Thumb Code     0  __rtentry2.o(.ARM.Collect$$rtentry$$0000000C)
    __rt_exit                                0x0800024b   Thumb Code     0  rtexit.o(.ARM.Collect$$rtexit$$00000000)
    __rt_exit_ls                             0x0800024d   Thumb Code     0  rtexit2.o(.ARM.Collect$$rtexit$$00000003)
    __rt_exit_prels_1                        0x0800024d   Thumb Code     0  rtexit2.o(.ARM.Collect$$rtexit$$00000002)
    __rt_exit_exit                           0x08000251   Thumb Code     0  rtexit2.o(.ARM.Collect$$rtexit$$00000004)
    SVC_Handler                              0x08000259   Thumb Code    28  port.o(.emb_text)
    __asm___6_port_c_39a90d8d__prvStartFirstTask 0x08000279   Thumb Code    36  port.o(.emb_text)
    __asm___6_port_c_39a90d8d__prvEnableVFP  0x080002a1   Thumb Code    16  port.o(.emb_text)
    PendSV_Handler                           0x080002b5   Thumb Code    88  port.o(.emb_text)
    vPortGetIPSR                             0x08000311   Thumb Code     6  port.o(.emb_text)
    Reset_Handler                            0x08000319   Thumb Code     8  startup_stm32f411xe.o(.text)
    ADC_IRQHandler                           0x08000333   Thumb Code     0  startup_stm32f411xe.o(.text)
    DMA1_Stream0_IRQHandler                  0x08000333   Thumb Code     0  startup_stm32f411xe.o(.text)
    DMA1_Stream1_IRQHandler                  0x08000333   Thumb Code     0  startup_stm32f411xe.o(.text)
    DMA1_Stream2_IRQHandler                  0x08000333   Thumb Code     0  startup_stm32f411xe.o(.text)
    DMA1_Stream3_IRQHandler                  0x08000333   Thumb Code     0  startup_stm32f411xe.o(.text)
    DMA1_Stream4_IRQHandler                  0x08000333   Thumb Code     0  startup_stm32f411xe.o(.text)
    DMA1_Stream5_IRQHandler                  0x08000333   Thumb Code     0  startup_stm32f411xe.o(.text)
    DMA1_Stream7_IRQHandler                  0x08000333   Thumb Code     0  startup_stm32f411xe.o(.text)
    DMA2_Stream0_IRQHandler                  0x08000333   Thumb Code     0  startup_stm32f411xe.o(.text)
    DMA2_Stream1_IRQHandler                  0x08000333   Thumb Code     0  startup_stm32f411xe.o(.text)
    DMA2_Stream2_IRQHandler                  0x08000333   Thumb Code     0  startup_stm32f411xe.o(.text)
    DMA2_Stream3_IRQHandler                  0x08000333   Thumb Code     0  startup_stm32f411xe.o(.text)
    DMA2_Stream4_IRQHandler                  0x08000333   Thumb Code     0  startup_stm32f411xe.o(.text)
    DMA2_Stream5_IRQHandler                  0x08000333   Thumb Code     0  startup_stm32f411xe.o(.text)
    DMA2_Stream6_IRQHandler                  0x08000333   Thumb Code     0  startup_stm32f411xe.o(.text)
    DMA2_Stream7_IRQHandler                  0x08000333   Thumb Code     0  startup_stm32f411xe.o(.text)
    EXTI0_IRQHandler                         0x08000333   Thumb Code     0  startup_stm32f411xe.o(.text)
    EXTI15_10_IRQHandler                     0x08000333   Thumb Code     0  startup_stm32f411xe.o(.text)
    EXTI1_IRQHandler                         0x08000333   Thumb Code     0  startup_stm32f411xe.o(.text)
    EXTI2_IRQHandler                         0x08000333   Thumb Code     0  startup_stm32f411xe.o(.text)
    EXTI3_IRQHandler                         0x08000333   Thumb Code     0  startup_stm32f411xe.o(.text)
    EXTI9_5_IRQHandler                       0x08000333   Thumb Code     0  startup_stm32f411xe.o(.text)
    FLASH_IRQHandler                         0x08000333   Thumb Code     0  startup_stm32f411xe.o(.text)
    FPU_IRQHandler                           0x08000333   Thumb Code     0  startup_stm32f411xe.o(.text)
    I2C1_ER_IRQHandler                       0x08000333   Thumb Code     0  startup_stm32f411xe.o(.text)
    I2C1_EV_IRQHandler                       0x08000333   Thumb Code     0  startup_stm32f411xe.o(.text)
    I2C2_ER_IRQHandler                       0x08000333   Thumb Code     0  startup_stm32f411xe.o(.text)
    I2C2_EV_IRQHandler                       0x08000333   Thumb Code     0  startup_stm32f411xe.o(.text)
    I2C3_ER_IRQHandler                       0x08000333   Thumb Code     0  startup_stm32f411xe.o(.text)
    I2C3_EV_IRQHandler                       0x08000333   Thumb Code     0  startup_stm32f411xe.o(.text)
    OTG_FS_IRQHandler                        0x08000333   Thumb Code     0  startup_stm32f411xe.o(.text)
    OTG_FS_WKUP_IRQHandler                   0x08000333   Thumb Code     0  startup_stm32f411xe.o(.text)
    PVD_IRQHandler                           0x08000333   Thumb Code     0  startup_stm32f411xe.o(.text)
    RCC_IRQHandler                           0x08000333   Thumb Code     0  startup_stm32f411xe.o(.text)
    RTC_Alarm_IRQHandler                     0x08000333   Thumb Code     0  startup_stm32f411xe.o(.text)
    RTC_WKUP_IRQHandler                      0x08000333   Thumb Code     0  startup_stm32f411xe.o(.text)
    SDIO_IRQHandler                          0x08000333   Thumb Code     0  startup_stm32f411xe.o(.text)
    SPI1_IRQHandler                          0x08000333   Thumb Code     0  startup_stm32f411xe.o(.text)
    SPI2_IRQHandler                          0x08000333   Thumb Code     0  startup_stm32f411xe.o(.text)
    SPI3_IRQHandler                          0x08000333   Thumb Code     0  startup_stm32f411xe.o(.text)
    SPI4_IRQHandler                          0x08000333   Thumb Code     0  startup_stm32f411xe.o(.text)
    SPI5_IRQHandler                          0x08000333   Thumb Code     0  startup_stm32f411xe.o(.text)
    TAMP_STAMP_IRQHandler                    0x08000333   Thumb Code     0  startup_stm32f411xe.o(.text)
    TIM1_BRK_TIM9_IRQHandler                 0x08000333   Thumb Code     0  startup_stm32f411xe.o(.text)
    TIM1_CC_IRQHandler                       0x08000333   Thumb Code     0  startup_stm32f411xe.o(.text)
    TIM1_TRG_COM_TIM11_IRQHandler            0x08000333   Thumb Code     0  startup_stm32f411xe.o(.text)
    TIM2_IRQHandler                          0x08000333   Thumb Code     0  startup_stm32f411xe.o(.text)
    TIM3_IRQHandler                          0x08000333   Thumb Code     0  startup_stm32f411xe.o(.text)
    TIM4_IRQHandler                          0x08000333   Thumb Code     0  startup_stm32f411xe.o(.text)
    TIM5_IRQHandler                          0x08000333   Thumb Code     0  startup_stm32f411xe.o(.text)
    USART1_IRQHandler                        0x08000333   Thumb Code     0  startup_stm32f411xe.o(.text)
    USART6_IRQHandler                        0x08000333   Thumb Code     0  startup_stm32f411xe.o(.text)
    WWDG_IRQHandler                          0x08000333   Thumb Code     0  startup_stm32f411xe.o(.text)
    __user_initial_stackheap                 0x08000335   Thumb Code     0  startup_stm32f411xe.o(.text)
    __use_no_semihosting                     0x08000359   Thumb Code     2  use_no_semi_2.o(.text)
    __aeabi_uldivmod                         0x0800035b   Thumb Code     0  lludivv7m.o(.text)
    _ll_udiv                                 0x0800035b   Thumb Code   238  lludivv7m.o(.text)
    __2printf                                0x08000449   Thumb Code    20  noretval__2printf.o(.text)
    __printf                                 0x08000461   Thumb Code   104  __printf.o(.text)
    _printf_int_hex                          0x080004c9   Thumb Code    84  _printf_hex_int.o(.text)
    _printf_longlong_hex                     0x080004c9   Thumb Code     0  _printf_hex_int.o(.text)
    __aeabi_memcpy                           0x08000521   Thumb Code     0  rt_memcpy_v6.o(.text)
    __rt_memcpy                              0x08000521   Thumb Code   138  rt_memcpy_v6.o(.text)
    _memcpy_lastbytes                        0x08000587   Thumb Code     0  rt_memcpy_v6.o(.text)
    __aeabi_memcpy4                          0x080005ab   Thumb Code     0  rt_memcpy_w.o(.text)
    __aeabi_memcpy8                          0x080005ab   Thumb Code     0  rt_memcpy_w.o(.text)
    __rt_memcpy_w                            0x080005ab   Thumb Code   100  rt_memcpy_w.o(.text)
    _memcpy_lastbytes_aligned                0x080005f3   Thumb Code     0  rt_memcpy_w.o(.text)
    __aeabi_memclr4                          0x0800060f   Thumb Code     0  rt_memclr_w.o(.text)
    __aeabi_memclr8                          0x0800060f   Thumb Code     0  rt_memclr_w.o(.text)
    __rt_memclr_w                            0x0800060f   Thumb Code    78  rt_memclr_w.o(.text)
    _memset_w                                0x08000613   Thumb Code     0  rt_memclr_w.o(.text)
    __use_two_region_memory                  0x0800065d   Thumb Code     2  heapauxi.o(.text)
    __rt_heap_escrow$2region                 0x0800065f   Thumb Code     2  heapauxi.o(.text)
    __rt_heap_expand$2region                 0x08000661   Thumb Code     2  heapauxi.o(.text)
    __semihosting$guard                      0x08000663   Thumb Code     0  use_no_semi.o(.text)
    __use_no_semihosting_swi                 0x08000663   Thumb Code     2  use_no_semi.o(.text)
    _printf_int_common                       0x08000665   Thumb Code   178  _printf_intcommon.o(.text)
    __lib_sel_fp_printf                      0x08000717   Thumb Code     2  _printf_fp_dec.o(.text)
    _printf_fp_dec_real                      0x080008c9   Thumb Code   620  _printf_fp_dec.o(.text)
    _printf_char_file                        0x08000b35   Thumb Code    32  _printf_char_file.o(.text)
    __rt_locale                              0x08000b59   Thumb Code     8  rt_locale_intlibspace.o(.text)
    _ll_udiv10                               0x08000b61   Thumb Code   138  lludiv10.o(.text)
    _printf_char_common                      0x08000bf7   Thumb Code    32  _printf_char_common.o(.text)
    _printf_fp_infnan                        0x08000c1d   Thumb Code   112  _printf_fp_infnan.o(.text)
    _btod_etento                             0x08000c9d   Thumb Code   224  bigflt0.o(.text)
    ferror                                   0x08000d81   Thumb Code     8  ferror.o(.text)
    __user_libspace                          0x08000d89   Thumb Code     8  libspace.o(.text)
    __user_perproc_libspace                  0x08000d89   Thumb Code     0  libspace.o(.text)
    __user_perthread_libspace                0x08000d89   Thumb Code     0  libspace.o(.text)
    __user_setup_stackheap                   0x08000d91   Thumb Code    74  sys_stackheap_outer.o(.text)
    exit                                     0x08000ddb   Thumb Code    18  exit.o(.text)
    strcmp                                   0x08000ded   Thumb Code   128  strcmpv7m.o(.text)
    _btod_d2e                                0x08000e6d   Thumb Code    62  btod.o(CL$$btod_d2e)
    _d2e_denorm_low                          0x08000eab   Thumb Code    70  btod.o(CL$$btod_d2e_denorm_low)
    _d2e_norm_op1                            0x08000ef1   Thumb Code    96  btod.o(CL$$btod_d2e_norm_op1)
    __btod_div_common                        0x08000f51   Thumb Code   696  btod.o(CL$$btod_div_common)
    _e2e                                     0x08001289   Thumb Code   220  btod.o(CL$$btod_e2e)
    _btod_ediv                               0x08001365   Thumb Code    42  btod.o(CL$$btod_ediv)
    _btod_emul                               0x0800138f   Thumb Code    42  btod.o(CL$$btod_emul)
    __btod_mult_common                       0x080013b9   Thumb Code   580  btod.o(CL$$btod_mult_common)
    BusFault_Handler                         0x080015fd   Thumb Code     2  stm32f4xx_it.o(i.BusFault_Handler)
    DMA1_Stream6_IRQHandler                  0x08001601   Thumb Code     6  stm32f4xx_it.o(i.DMA1_Stream6_IRQHandler)
    DebugMon_Handler                         0x080016b1   Thumb Code     2  stm32f4xx_it.o(i.DebugMon_Handler)
    EXTI4_Callback                           0x080016b5   Thumb Code    40  sensors.o(i.EXTI4_Callback)
    EXTI4_IRQHandler                         0x080016e5   Thumb Code    10  stm32f4xx_it.o(i.EXTI4_IRQHandler)
    HAL_DMA_Abort                            0x080016f5   Thumb Code   146  stm32f4xx_hal_dma.o(i.HAL_DMA_Abort)
    HAL_DMA_Abort_IT                         0x08001787   Thumb Code    36  stm32f4xx_hal_dma.o(i.HAL_DMA_Abort_IT)
    HAL_DMA_IRQHandler                       0x080017ad   Thumb Code   412  stm32f4xx_hal_dma.o(i.HAL_DMA_IRQHandler)
    HAL_DMA_Init                             0x0800194d   Thumb Code   206  stm32f4xx_hal_dma.o(i.HAL_DMA_Init)
    HAL_DMA_Start_IT                         0x08001a21   Thumb Code   110  stm32f4xx_hal_dma.o(i.HAL_DMA_Start_IT)
    HAL_GPIO_Init                            0x08001a91   Thumb Code   446  stm32f4xx_hal_gpio.o(i.HAL_GPIO_Init)
    HAL_GetTick                              0x08001c71   Thumb Code     6  stm32f4xx_hal.o(i.HAL_GetTick)
    HAL_I2C_Init                             0x08001c7d   Thumb Code   376  stm32f4xx_hal_i2c.o(i.HAL_I2C_Init)
    HAL_I2C_MspInit                          0x08001e05   Thumb Code    94  iic.o(i.HAL_I2C_MspInit)
    HAL_IncTick                              0x08001e71   Thumb Code    12  stm32f4xx_hal.o(i.HAL_IncTick)
    HAL_Init                                 0x08001e81   Thumb Code    48  stm32f4xx_hal.o(i.HAL_Init)
    HAL_InitTick                             0x08001eb5   Thumb Code   120  stm32f4xx_hal_timebase_tim.o(i.HAL_InitTick)
    HAL_MspInit                              0x08001f41   Thumb Code     2  stm32f4xx_hal.o(i.HAL_MspInit)
    HAL_NVIC_EnableIRQ                       0x08001f43   Thumb Code    26  stm32f4xx_hal_cortex.o(i.HAL_NVIC_EnableIRQ)
    HAL_NVIC_SetPriority                     0x08001f5d   Thumb Code    60  stm32f4xx_hal_cortex.o(i.HAL_NVIC_SetPriority)
    HAL_NVIC_SetPriorityGrouping             0x08001f9d   Thumb Code    26  stm32f4xx_hal_cortex.o(i.HAL_NVIC_SetPriorityGrouping)
    HAL_RCC_ClockConfig                      0x08001fc1   Thumb Code   288  stm32f4xx_hal_rcc.o(i.HAL_RCC_ClockConfig)
    HAL_RCC_GetClockConfig                   0x080020f5   Thumb Code    54  stm32f4xx_hal_rcc.o(i.HAL_RCC_GetClockConfig)
    HAL_RCC_GetPCLK1Freq                     0x08002135   Thumb Code    20  stm32f4xx_hal_rcc.o(i.HAL_RCC_GetPCLK1Freq)
    HAL_RCC_GetPCLK2Freq                     0x08002155   Thumb Code    20  stm32f4xx_hal_rcc.o(i.HAL_RCC_GetPCLK2Freq)
    HAL_RCC_GetSysClockFreq                  0x08002175   Thumb Code    88  stm32f4xx_hal_rcc.o(i.HAL_RCC_GetSysClockFreq)
    HAL_RCC_MCOConfig                        0x080021d9   Thumb Code   126  stm32f4xx_hal_rcc.o(i.HAL_RCC_MCOConfig)
    HAL_RCC_OscConfig                        0x08002265   Thumb Code   856  stm32f4xx_hal_rcc.o(i.HAL_RCC_OscConfig)
    HAL_TIMEx_BreakCallback                  0x080025d1   Thumb Code     2  stm32f4xx_hal_tim_ex.o(i.HAL_TIMEx_BreakCallback)
    HAL_TIMEx_CommutCallback                 0x080025d3   Thumb Code     2  stm32f4xx_hal_tim_ex.o(i.HAL_TIMEx_CommutCallback)
    HAL_TIM_Base_Init                        0x080025d5   Thumb Code    90  stm32f4xx_hal_tim.o(i.HAL_TIM_Base_Init)
    HAL_TIM_Base_MspInit                     0x0800262f   Thumb Code     2  stm32f4xx_hal_tim.o(i.HAL_TIM_Base_MspInit)
    HAL_TIM_Base_Start_IT                    0x08002631   Thumb Code    88  stm32f4xx_hal_tim.o(i.HAL_TIM_Base_Start_IT)
    HAL_TIM_IC_CaptureCallback               0x0800269d   Thumb Code     2  stm32f4xx_hal_tim.o(i.HAL_TIM_IC_CaptureCallback)
    HAL_TIM_IRQHandler                       0x0800269f   Thumb Code   304  stm32f4xx_hal_tim.o(i.HAL_TIM_IRQHandler)
    HAL_TIM_OC_DelayElapsedCallback          0x080027cf   Thumb Code     2  stm32f4xx_hal_tim.o(i.HAL_TIM_OC_DelayElapsedCallback)
    HAL_TIM_PWM_ConfigChannel                0x080027d1   Thumb Code   204  stm32f4xx_hal_tim.o(i.HAL_TIM_PWM_ConfigChannel)
    HAL_TIM_PWM_Init                         0x0800289d   Thumb Code    90  stm32f4xx_hal_tim.o(i.HAL_TIM_PWM_Init)
    HAL_TIM_PWM_MspInit                      0x080028f7   Thumb Code     2  stm32f4xx_hal_tim.o(i.HAL_TIM_PWM_MspInit)
    HAL_TIM_PWM_PulseFinishedCallback        0x080028f9   Thumb Code     2  stm32f4xx_hal_tim.o(i.HAL_TIM_PWM_PulseFinishedCallback)
    HAL_TIM_PWM_Start                        0x080028fd   Thumb Code   156  stm32f4xx_hal_tim.o(i.HAL_TIM_PWM_Start)
    HAL_TIM_PeriodElapsedCallback            0x080029ad   Thumb Code    14  main.o(i.HAL_TIM_PeriodElapsedCallback)
    HAL_TIM_TriggerCallback                  0x080029c1   Thumb Code     2  stm32f4xx_hal_tim.o(i.HAL_TIM_TriggerCallback)
    HAL_UARTEx_RxEventCallback               0x080029c3   Thumb Code     2  stm32f4xx_hal_uart.o(i.HAL_UARTEx_RxEventCallback)
    HAL_UART_ErrorCallback                   0x080029c5   Thumb Code     2  stm32f4xx_hal_uart.o(i.HAL_UART_ErrorCallback)
    HAL_UART_IRQHandler                      0x080029c9   Thumb Code   618  stm32f4xx_hal_uart.o(i.HAL_UART_IRQHandler)
    HAL_UART_Init                            0x08002c39   Thumb Code   100  stm32f4xx_hal_uart.o(i.HAL_UART_Init)
    HAL_UART_MspInit                         0x08002c9d   Thumb Code   292  usart.o(i.HAL_UART_MspInit)
    HAL_UART_Receive_IT                      0x08002ddd   Thumb Code    28  stm32f4xx_hal_uart.o(i.HAL_UART_Receive_IT)
    HAL_UART_RxCpltCallback                  0x08002df9   Thumb Code    34  usart.o(i.HAL_UART_RxCpltCallback)
    HAL_UART_Transmit_DMA                    0x08002e29   Thumb Code   106  stm32f4xx_hal_uart.o(i.HAL_UART_Transmit_DMA)
    HAL_UART_TxCpltCallback                  0x08002ea1   Thumb Code     2  stm32f4xx_hal_uart.o(i.HAL_UART_TxCpltCallback)
    HAL_UART_TxHalfCpltCallback              0x08002ea3   Thumb Code     2  stm32f4xx_hal_uart.o(i.HAL_UART_TxHalfCpltCallback)
    HardFault_Handler                        0x08002ea5   Thumb Code     2  stm32f4xx_it.o(i.HardFault_Handler)
    I2C1_Init                                0x08002ea9   Thumb Code    34  iic.o(i.I2C1_Init)
    MemManage_Handler                        0x08002ed9   Thumb Code     2  stm32f4xx_it.o(i.MemManage_Handler)
    NMI_Handler                              0x08002edb   Thumb Code     2  stm32f4xx_it.o(i.NMI_Handler)
    SysTick_Handler                          0x08002edd   Thumb Code    38  port.o(i.SysTick_Handler)
    SystemClock_Config                       0x08002f09   Thumb Code   142  main.o(i.SystemClock_Config)
    SystemInit                               0x08002fa1   Thumb Code    12  system_stm32f4xx.o(i.SystemInit)
    TIM1_UP_TIM10_IRQHandler                 0x08002fb1   Thumb Code     6  stm32f4xx_it.o(i.TIM1_UP_TIM10_IRQHandler)
    TIM_Base_SetConfig                       0x08002fbd   Thumb Code   136  stm32f4xx_hal_tim.o(i.TIM_Base_SetConfig)
    TIM_CCxChannelCmd                        0x08003061   Thumb Code    26  stm32f4xx_hal_tim.o(i.TIM_CCxChannelCmd)
    TIM_OC2_SetConfig                        0x080030cd   Thumb Code    84  stm32f4xx_hal_tim.o(i.TIM_OC2_SetConfig)
    UART_Start_Receive_IT                    0x080034a1   Thumb Code    54  stm32f4xx_hal_uart.o(i.UART_Start_Receive_IT)
    USART2_IRQHandler                        0x080034d9   Thumb Code     6  usart.o(i.USART2_IRQHandler)
    UsageFault_Handler                       0x080034e5   Thumb Code     2  stm32f4xx_it.o(i.UsageFault_Handler)
    __ARM_fpclassify                         0x080034e7   Thumb Code    48  fpclassify.o(i.__ARM_fpclassify)
    _sys_exit                                0x08003537   Thumb Code     2  usart.o(i._sys_exit)
    atkp_init                                0x08003539   Thumb Code    18  atkp.o(i.atkp_init)
    atkp_rx_task                             0x080035c5   Thumb Code    26  atkp.o(i.atkp_rx_task)
    atkp_rxpacket_handle                     0x080035e5   Thumb Code    12  atkp.o(i.atkp_rxpacket_handle)
    atkp_send_packet                         0x080035f1   Thumb Code    16  radio_comm.o(i.atkp_send_packet)
    fill_queue                               0x08003605   Thumb Code    20  usart_comm.o(i.fill_queue)
    flightCtrldataCache                      0x0800361d   Thumb Code    72  commander.o(i.flightCtrldataCache)
    fputc                                    0x08003669   Thumb Code    14  usart.o(i.fputc)
    get_data_from_usart                      0x0800367d   Thumb Code    28  usart_comm.o(i.get_data_from_usart)
    main                                     0x0800369d   Thumb Code    66  main.o(i.main)
    motorsInit                               0x080036f5   Thumb Code   336  motor.o(i.motorsInit)
    pvPortMalloc                             0x08003fdd   Thumb Code   216  heap_4.o(i.pvPortMalloc)
    pxPortInitialiseStack                    0x080040b9   Thumb Code    40  port.o(i.pxPortInitialiseStack)
    radio_comm_task                          0x080040e5   Thumb Code   186  radio_comm.o(i.radio_comm_task)
    radio_init                               0x080041cd   Thumb Code    18  radio_comm.o(i.radio_init)
    remoter_rxpacket_handle                  0x080041e5   Thumb Code   244  remoter.o(i.remoter_rxpacket_handle)
    sendMsgACK                               0x08004359   Thumb Code    80  remoter.o(i.sendMsgACK)
    send_atkp_packet                         0x080043b1   Thumb Code    24  atkp.o(i.send_atkp_packet)
    setCommanderCtrlMode                     0x080043cd   Thumb Code    12  commander.o(i.setCommanderCtrlMode)
    setCommanderFlightmode                   0x080043dd   Thumb Code    12  commander.o(i.setCommanderFlightmode)
    start_task                               0x080043ed   Thumb Code    68  main.o(i.start_task)
    usart1_init                              0x0800445d   Thumb Code    32  usart.o(i.usart1_init)
    usart2_init                              0x08004485   Thumb Code    50  usart.o(i.usart2_init)
    usart_comm_init                          0x080044c9   Thumb Code    18  usart_comm.o(i.usart_comm_init)
    usart_dma_send_nrf                       0x080044e1   Thumb Code    72  usart_comm.o(i.usart_dma_send_nrf)
    uxListRemove                             0x08004539   Thumb Code    38  list.o(i.uxListRemove)
    vApplicationGetIdleTaskMemory            0x08004561   Thumb Code    16  freertos.o(i.vApplicationGetIdleTaskMemory)
    vApplicationGetTimerTaskMemory           0x08004575   Thumb Code    16  freertos.o(i.vApplicationGetTimerTaskMemory)
    vApplicationIdleHook                     0x08004589   Thumb Code     2  freertos.o(i.vApplicationIdleHook)
    vListInitialise                          0x0800458b   Thumb Code    22  list.o(i.vListInitialise)
    vListInitialiseItem                      0x080045a1   Thumb Code     6  list.o(i.vListInitialiseItem)
    vListInsert                              0x080045a7   Thumb Code    48  list.o(i.vListInsert)
    vListInsertEnd                           0x080045d7   Thumb Code    24  list.o(i.vListInsertEnd)
    vPortEnterCritical                       0x080045f1   Thumb Code    54  port.o(i.vPortEnterCritical)
    vPortExitCritical                        0x08004631   Thumb Code    34  port.o(i.vPortExitCritical)
    vPortFree                                0x08004659   Thumb Code    94  heap_4.o(i.vPortFree)
    vPortSetupTimerInterrupt                 0x080046bd   Thumb Code    32  port.o(i.vPortSetupTimerInterrupt)
    vPortValidateInterruptPriority           0x080046e1   Thumb Code    74  port.o(i.vPortValidateInterruptPriority)
    vQueueAddToRegistry                      0x08004735   Thumb Code    34  queue.o(i.vQueueAddToRegistry)
    vQueueWaitForMessageRestricted           0x0800475d   Thumb Code    68  queue.o(i.vQueueWaitForMessageRestricted)
    vTaskDelete                              0x080047a1   Thumb Code   156  tasks.o(i.vTaskDelete)
    vTaskInternalSetTimeOutState             0x0800484d   Thumb Code    12  tasks.o(i.vTaskInternalSetTimeOutState)
    vTaskMissedYield                         0x0800485d   Thumb Code     8  tasks.o(i.vTaskMissedYield)
    vTaskPlaceOnEventList                    0x08004869   Thumb Code    44  tasks.o(i.vTaskPlaceOnEventList)
    vTaskPlaceOnEventListRestricted          0x08004899   Thumb Code    52  tasks.o(i.vTaskPlaceOnEventListRestricted)
    vTaskStartScheduler                      0x080048d1   Thumb Code   118  tasks.o(i.vTaskStartScheduler)
    vTaskSuspendAll                          0x08004959   Thumb Code    10  tasks.o(i.vTaskSuspendAll)
    vTaskSwitchContext                       0x08004969   Thumb Code    82  tasks.o(i.vTaskSwitchContext)
    xPortStartScheduler                      0x080049c5   Thumb Code   222  port.o(i.xPortStartScheduler)
    xQueueGenericCreate                      0x08004ab9   Thumb Code    66  queue.o(i.xQueueGenericCreate)
    xQueueGenericCreateStatic                0x08004afb   Thumb Code   102  queue.o(i.xQueueGenericCreateStatic)
    xQueueGenericReset                       0x08004b61   Thumb Code   132  queue.o(i.xQueueGenericReset)
    xQueueGenericSend                        0x08004be9   Thumb Code   346  queue.o(i.xQueueGenericSend)
    xQueueGenericSendFromISR                 0x08004d49   Thumb Code   190  queue.o(i.xQueueGenericSendFromISR)
    xQueueGiveFromISR                        0x08004e07   Thumb Code   156  queue.o(i.xQueueGiveFromISR)
    xQueueReceive                            0x08004ea5   Thumb Code   308  queue.o(i.xQueueReceive)
    xTaskCheckForTimeOut                     0x08004fdd   Thumb Code   112  tasks.o(i.xTaskCheckForTimeOut)
    xTaskCreate                              0x08005051   Thumb Code    90  tasks.o(i.xTaskCreate)
    xTaskCreateStatic                        0x080050ab   Thumb Code    86  tasks.o(i.xTaskCreateStatic)
    xTaskGetSchedulerState                   0x08005101   Thumb Code    22  tasks.o(i.xTaskGetSchedulerState)
    xTaskGetTickCount                        0x0800511d   Thumb Code     6  tasks.o(i.xTaskGetTickCount)
    xTaskIncrementTick                       0x08005129   Thumb Code   194  tasks.o(i.xTaskIncrementTick)
    xTaskPriorityDisinherit                  0x080051f5   Thumb Code   144  tasks.o(i.xTaskPriorityDisinherit)
    xTaskRemoveFromEventList                 0x0800528d   Thumb Code   108  tasks.o(i.xTaskRemoveFromEventList)
    xTaskResumeAll                           0x08005301   Thumb Code   182  tasks.o(i.xTaskResumeAll)
    xTimerCreateTimerTask                    0x080053c5   Thumb Code    78  timers.o(i.xTimerCreateTimerTask)
    xTimerGenericCommand                     0x08005425   Thumb Code    92  timers.o(i.xTimerGenericCommand)
    _get_lc_numeric                          0x08005485   Thumb Code    44  lc_numeric_c.o(locale$$code)
    __fpl_dretinf                            0x080054b1   Thumb Code    12  dretinf.o(x$fpl$dretinf)
    __aeabi_f2d                              0x080054bd   Thumb Code     0  f2d.o(x$fpl$f2d)
    _f2d                                     0x080054bd   Thumb Code    86  f2d.o(x$fpl$f2d)
    __fpl_fnaninf                            0x08005513   Thumb Code   140  fnaninf.o(x$fpl$fnaninf)
    _fp_init                                 0x0800559f   Thumb Code    10  fpinit.o(x$fpl$fpinit)
    __fplib_config_fpu_vfp                   0x080055a7   Thumb Code     0  fpinit.o(x$fpl$fpinit)
    __fplib_config_pureend_doubles           0x080055a7   Thumb Code     0  fpinit.o(x$fpl$fpinit)
    _printf_fp_dec                           0x080055a9   Thumb Code     4  printf1.o(x$fpl$printf1)
    __I$use$fp                               0x080055ac   Number         0  usenofp.o(x$fpl$usenofp)
    AHBPrescTable                            0x080055b4   Data          16  system_stm32f4xx.o(.constdata)
    APBPrescTable                            0x080055c4   Data           8  system_stm32f4xx.o(.constdata)
    Region$$Table$$Base                      0x08005688   Number         0  anon$$obj.o(Region$$Table)
    Region$$Table$$Limit                     0x080056a8   Number         0  anon$$obj.o(Region$$Table)
    startTask                                0x20000000   Data           4  main.o(.data)
    radioCommTask                            0x20000004   Data           4  main.o(.data)
    atkpRxTask                               0x20000008   Data           4  main.o(.data)
    uwTickFreq                               0x2000000c   Data           1  stm32f4xx_hal.o(.data)
    uwTickPrio                               0x20000010   Data           4  stm32f4xx_hal.o(.data)
    uwTick                                   0x20000014   Data           4  stm32f4xx_hal.o(.data)
    SystemCoreClock                          0x20000018   Data           4  system_stm32f4xx.o(.data)
    pxCurrentTCB                             0x2000001c   Data           4  tasks.o(.data)
    __stdout                                 0x20000098   Data           4  usart.o(.data)
    nrf_data                                 0x2000009c   Data           1  usart.o(.data)
    to_radio_queue                           0x200000a0   Data           4  usart_comm.o(.data)
    num                                      0x200000f8   Data           8  sensors.o(.data)
    htim1                                    0x2000065c   Data          72  stm32f4xx_hal_timebase_tim.o(.bss)
    xQueueRegistry                           0x200006a4   Data          64  queue.o(.bss)
    usart1                                   0x20008170   Data          72  usart.o(.bss)
    usart2                                   0x200081b8   Data          72  usart.o(.bss)
    usart2_dma                               0x20008200   Data          96  usart.o(.bss)
    i2c1                                     0x20008260   Data          84  iic.o(.bss)
    tim_handle1                              0x2000834c   Data          72  motor.o(.bss)
    tim_handle2                              0x20008394   Data          72  motor.o(.bss)
    __libspace_start                         0x200083dc   Data          96  libspace.o(.bss)
    __temporary_stack_top$libspace           0x2000843c   Data           0  libspace.o(.bss)



==============================================================================

Memory Map of the image

  Image Entry point : 0x08000199

  Load Region LR_IROM1 (Base: 0x08000000, Size: 0x000057c8, Max: 0x00080000, ABSOLUTE)

    Execution Region ER_IROM1 (Exec base: 0x08000000, Load base: 0x08000000, Size: 0x000056c4, Max: 0x00080000, ABSOLUTE)

    Exec Addr    Load Addr    Size         Type   Attr      Idx    E Section Name        Object

    0x08000000   0x08000000   0x00000198   Data   RO            3    RESET               startup_stm32f411xe.o
    0x08000198   0x08000198   0x00000008   Code   RO         5420  * !!!main             c_w.l(__main.o)
    0x080001a0   0x080001a0   0x00000034   Code   RO         5779    !!!scatter          c_w.l(__scatter.o)
    0x080001d4   0x080001d4   0x0000001a   Code   RO         5781    !!handler_copy      c_w.l(__scatter_copy.o)
    0x080001ee   0x080001ee   0x00000002   PAD
    0x080001f0   0x080001f0   0x0000001c   Code   RO         5783    !!handler_zi        c_w.l(__scatter_zi.o)
    0x0800020c   0x0800020c   0x00000000   Code   RO         5411    .ARM.Collect$$_printf_percent$$00000000  c_w.l(_printf_percent.o)
    0x0800020c   0x0800020c   0x00000006   Code   RO         5410    .ARM.Collect$$_printf_percent$$00000003  c_w.l(_printf_f.o)
    0x08000212   0x08000212   0x00000006   Code   RO         5409    .ARM.Collect$$_printf_percent$$0000000C  c_w.l(_printf_x.o)
    0x08000218   0x08000218   0x00000004   Code   RO         5501    .ARM.Collect$$_printf_percent$$00000017  c_w.l(_printf_percent_end.o)
    0x0800021c   0x0800021c   0x00000002   Code   RO         5659    .ARM.Collect$$libinit$$00000000  c_w.l(libinit.o)
    0x0800021e   0x0800021e   0x00000004   Code   RO         5660    .ARM.Collect$$libinit$$00000001  c_w.l(libinit2.o)
    0x08000222   0x08000222   0x00000000   Code   RO         5663    .ARM.Collect$$libinit$$00000004  c_w.l(libinit2.o)
    0x08000222   0x08000222   0x00000000   Code   RO         5666    .ARM.Collect$$libinit$$0000000A  c_w.l(libinit2.o)
    0x08000222   0x08000222   0x00000000   Code   RO         5668    .ARM.Collect$$libinit$$0000000C  c_w.l(libinit2.o)
    0x08000222   0x08000222   0x00000000   Code   RO         5670    .ARM.Collect$$libinit$$0000000E  c_w.l(libinit2.o)
    0x08000222   0x08000222   0x00000006   Code   RO         5671    .ARM.Collect$$libinit$$0000000F  c_w.l(libinit2.o)
    0x08000228   0x08000228   0x00000000   Code   RO         5673    .ARM.Collect$$libinit$$00000011  c_w.l(libinit2.o)
    0x08000228   0x08000228   0x00000000   Code   RO         5675    .ARM.Collect$$libinit$$00000013  c_w.l(libinit2.o)
    0x08000228   0x08000228   0x00000000   Code   RO         5677    .ARM.Collect$$libinit$$00000015  c_w.l(libinit2.o)
    0x08000228   0x08000228   0x0000000a   Code   RO         5678    .ARM.Collect$$libinit$$00000016  c_w.l(libinit2.o)
    0x08000232   0x08000232   0x00000000   Code   RO         5679    .ARM.Collect$$libinit$$00000017  c_w.l(libinit2.o)
    0x08000232   0x08000232   0x00000000   Code   RO         5681    .ARM.Collect$$libinit$$00000019  c_w.l(libinit2.o)
    0x08000232   0x08000232   0x00000000   Code   RO         5683    .ARM.Collect$$libinit$$0000001B  c_w.l(libinit2.o)
    0x08000232   0x08000232   0x00000000   Code   RO         5685    .ARM.Collect$$libinit$$0000001D  c_w.l(libinit2.o)
    0x08000232   0x08000232   0x00000000   Code   RO         5687    .ARM.Collect$$libinit$$0000001F  c_w.l(libinit2.o)
    0x08000232   0x08000232   0x00000000   Code   RO         5689    .ARM.Collect$$libinit$$00000021  c_w.l(libinit2.o)
    0x08000232   0x08000232   0x00000000   Code   RO         5691    .ARM.Collect$$libinit$$00000023  c_w.l(libinit2.o)
    0x08000232   0x08000232   0x00000000   Code   RO         5693    .ARM.Collect$$libinit$$00000025  c_w.l(libinit2.o)
    0x08000232   0x08000232   0x00000000   Code   RO         5697    .ARM.Collect$$libinit$$0000002C  c_w.l(libinit2.o)
    0x08000232   0x08000232   0x00000000   Code   RO         5699    .ARM.Collect$$libinit$$0000002E  c_w.l(libinit2.o)
    0x08000232   0x08000232   0x00000000   Code   RO         5701    .ARM.Collect$$libinit$$00000030  c_w.l(libinit2.o)
    0x08000232   0x08000232   0x00000000   Code   RO         5703    .ARM.Collect$$libinit$$00000032  c_w.l(libinit2.o)
    0x08000232   0x08000232   0x00000002   Code   RO         5704    .ARM.Collect$$libinit$$00000033  c_w.l(libinit2.o)
    0x08000234   0x08000234   0x00000002   Code   RO         5742    .ARM.Collect$$libshutdown$$00000000  c_w.l(libshutdown.o)
    0x08000236   0x08000236   0x00000000   Code   RO         5760    .ARM.Collect$$libshutdown$$00000002  c_w.l(libshutdown2.o)
    0x08000236   0x08000236   0x00000000   Code   RO         5762    .ARM.Collect$$libshutdown$$00000004  c_w.l(libshutdown2.o)
    0x08000236   0x08000236   0x00000000   Code   RO         5764    .ARM.Collect$$libshutdown$$00000006  c_w.l(libshutdown2.o)
    0x08000236   0x08000236   0x00000000   Code   RO         5767    .ARM.Collect$$libshutdown$$00000009  c_w.l(libshutdown2.o)
    0x08000236   0x08000236   0x00000000   Code   RO         5770    .ARM.Collect$$libshutdown$$0000000C  c_w.l(libshutdown2.o)
    0x08000236   0x08000236   0x00000000   Code   RO         5772    .ARM.Collect$$libshutdown$$0000000E  c_w.l(libshutdown2.o)
    0x08000236   0x08000236   0x00000000   Code   RO         5775    .ARM.Collect$$libshutdown$$00000011  c_w.l(libshutdown2.o)
    0x08000236   0x08000236   0x00000002   Code   RO         5776    .ARM.Collect$$libshutdown$$00000012  c_w.l(libshutdown2.o)
    0x08000238   0x08000238   0x00000000   Code   RO         5488    .ARM.Collect$$rtentry$$00000000  c_w.l(__rtentry.o)
    0x08000238   0x08000238   0x00000000   Code   RO         5569    .ARM.Collect$$rtentry$$00000002  c_w.l(__rtentry2.o)
    0x08000238   0x08000238   0x00000006   Code   RO         5581    .ARM.Collect$$rtentry$$00000004  c_w.l(__rtentry4.o)
    0x0800023e   0x0800023e   0x00000000   Code   RO         5571    .ARM.Collect$$rtentry$$00000009  c_w.l(__rtentry2.o)
    0x0800023e   0x0800023e   0x00000004   Code   RO         5572    .ARM.Collect$$rtentry$$0000000A  c_w.l(__rtentry2.o)
    0x08000242   0x08000242   0x00000000   Code   RO         5574    .ARM.Collect$$rtentry$$0000000C  c_w.l(__rtentry2.o)
    0x08000242   0x08000242   0x00000008   Code   RO         5575    .ARM.Collect$$rtentry$$0000000D  c_w.l(__rtentry2.o)
    0x0800024a   0x0800024a   0x00000002   Code   RO         5705    .ARM.Collect$$rtexit$$00000000  c_w.l(rtexit.o)
    0x0800024c   0x0800024c   0x00000000   Code   RO         5718    .ARM.Collect$$rtexit$$00000002  c_w.l(rtexit2.o)
    0x0800024c   0x0800024c   0x00000004   Code   RO         5719    .ARM.Collect$$rtexit$$00000003  c_w.l(rtexit2.o)
    0x08000250   0x08000250   0x00000006   Code   RO         5720    .ARM.Collect$$rtexit$$00000004  c_w.l(rtexit2.o)
    0x08000256   0x08000256   0x00000002   PAD
    0x08000258   0x08000258   0x000000be   Code   RO         4597    .emb_text           port.o
    0x08000316   0x08000316   0x00000002   PAD
    0x08000318   0x08000318   0x00000040   Code   RO            4    .text               startup_stm32f411xe.o
    0x08000358   0x08000358   0x00000002   Code   RO         5356    .text               c_w.l(use_no_semi_2.o)
    0x0800035a   0x0800035a   0x000000ee   Code   RO         5358    .text               c_w.l(lludivv7m.o)
    0x08000448   0x08000448   0x00000018   Code   RO         5364    .text               c_w.l(noretval__2printf.o)
    0x08000460   0x08000460   0x00000068   Code   RO         5366    .text               c_w.l(__printf.o)
    0x080004c8   0x080004c8   0x00000058   Code   RO         5371    .text               c_w.l(_printf_hex_int.o)
    0x08000520   0x08000520   0x0000008a   Code   RO         5412    .text               c_w.l(rt_memcpy_v6.o)
    0x080005aa   0x080005aa   0x00000064   Code   RO         5414    .text               c_w.l(rt_memcpy_w.o)
    0x0800060e   0x0800060e   0x0000004e   Code   RO         5416    .text               c_w.l(rt_memclr_w.o)
    0x0800065c   0x0800065c   0x00000006   Code   RO         5418    .text               c_w.l(heapauxi.o)
    0x08000662   0x08000662   0x00000002   Code   RO         5486    .text               c_w.l(use_no_semi.o)
    0x08000664   0x08000664   0x000000b2   Code   RO         5495    .text               c_w.l(_printf_intcommon.o)
    0x08000716   0x08000716   0x0000041e   Code   RO         5497    .text               c_w.l(_printf_fp_dec.o)
    0x08000b34   0x08000b34   0x00000024   Code   RO         5499    .text               c_w.l(_printf_char_file.o)
    0x08000b58   0x08000b58   0x00000008   Code   RO         5588    .text               c_w.l(rt_locale_intlibspace.o)
    0x08000b60   0x08000b60   0x0000008a   Code   RO         5595    .text               c_w.l(lludiv10.o)
    0x08000bea   0x08000bea   0x00000002   PAD
    0x08000bec   0x08000bec   0x00000030   Code   RO         5597    .text               c_w.l(_printf_char_common.o)
    0x08000c1c   0x08000c1c   0x00000080   Code   RO         5599    .text               c_w.l(_printf_fp_infnan.o)
    0x08000c9c   0x08000c9c   0x000000e4   Code   RO         5601    .text               c_w.l(bigflt0.o)
    0x08000d80   0x08000d80   0x00000008   Code   RO         5626    .text               c_w.l(ferror.o)
    0x08000d88   0x08000d88   0x00000008   Code   RO         5639    .text               c_w.l(libspace.o)
    0x08000d90   0x08000d90   0x0000004a   Code   RO         5642    .text               c_w.l(sys_stackheap_outer.o)
    0x08000dda   0x08000dda   0x00000012   Code   RO         5646    .text               c_w.l(exit.o)
    0x08000dec   0x08000dec   0x00000080   Code   RO         5652    .text               c_w.l(strcmpv7m.o)
    0x08000e6c   0x08000e6c   0x0000003e   Code   RO         5604    CL$$btod_d2e        c_w.l(btod.o)
    0x08000eaa   0x08000eaa   0x00000046   Code   RO         5606    CL$$btod_d2e_denorm_low  c_w.l(btod.o)
    0x08000ef0   0x08000ef0   0x00000060   Code   RO         5605    CL$$btod_d2e_norm_op1  c_w.l(btod.o)
    0x08000f50   0x08000f50   0x00000338   Code   RO         5614    CL$$btod_div_common  c_w.l(btod.o)
    0x08001288   0x08001288   0x000000dc   Code   RO         5611    CL$$btod_e2e        c_w.l(btod.o)
    0x08001364   0x08001364   0x0000002a   Code   RO         5608    CL$$btod_ediv       c_w.l(btod.o)
    0x0800138e   0x0800138e   0x0000002a   Code   RO         5607    CL$$btod_emul       c_w.l(btod.o)
    0x080013b8   0x080013b8   0x00000244   Code   RO         5613    CL$$btod_mult_common  c_w.l(btod.o)
    0x080015fc   0x080015fc   0x00000002   Code   RO          281    i.BusFault_Handler  stm32f4xx_it.o
    0x080015fe   0x080015fe   0x00000002   PAD
    0x08001600   0x08001600   0x0000000c   Code   RO          282    i.DMA1_Stream6_IRQHandler  stm32f4xx_it.o
    0x0800160c   0x0800160c   0x00000028   Code   RO          909    i.DMA_CalcBaseAndBitshift  stm32f4xx_hal_dma.o
    0x08001634   0x08001634   0x00000054   Code   RO          910    i.DMA_CheckFifoParam  stm32f4xx_hal_dma.o
    0x08001688   0x08001688   0x00000028   Code   RO          911    i.DMA_SetConfig     stm32f4xx_hal_dma.o
    0x080016b0   0x080016b0   0x00000002   Code   RO          283    i.DebugMon_Handler  stm32f4xx_it.o
    0x080016b2   0x080016b2   0x00000002   PAD
    0x080016b4   0x080016b4   0x00000030   Code   RO         5065    i.EXTI4_Callback    sensors.o
    0x080016e4   0x080016e4   0x00000010   Code   RO          284    i.EXTI4_IRQHandler  stm32f4xx_it.o
    0x080016f4   0x080016f4   0x00000092   Code   RO          912    i.HAL_DMA_Abort     stm32f4xx_hal_dma.o
    0x08001786   0x08001786   0x00000024   Code   RO          913    i.HAL_DMA_Abort_IT  stm32f4xx_hal_dma.o
    0x080017aa   0x080017aa   0x00000002   PAD
    0x080017ac   0x080017ac   0x000001a0   Code   RO          917    i.HAL_DMA_IRQHandler  stm32f4xx_hal_dma.o
    0x0800194c   0x0800194c   0x000000d4   Code   RO          918    i.HAL_DMA_Init      stm32f4xx_hal_dma.o
    0x08001a20   0x08001a20   0x0000006e   Code   RO          922    i.HAL_DMA_Start_IT  stm32f4xx_hal_dma.o
    0x08001a8e   0x08001a8e   0x00000002   PAD
    0x08001a90   0x08001a90   0x000001e0   Code   RO          805    i.HAL_GPIO_Init     stm32f4xx_hal_gpio.o
    0x08001c70   0x08001c70   0x0000000c   Code   RO         1379    i.HAL_GetTick       stm32f4xx_hal.o
    0x08001c7c   0x08001c7c   0x00000188   Code   RO         1635    i.HAL_I2C_Init      stm32f4xx_hal_i2c.o
    0x08001e04   0x08001e04   0x0000006c   Code   RO         4768    i.HAL_I2C_MspInit   iic.o
    0x08001e70   0x08001e70   0x00000010   Code   RO         1385    i.HAL_IncTick       stm32f4xx_hal.o
    0x08001e80   0x08001e80   0x00000034   Code   RO         1386    i.HAL_Init          stm32f4xx_hal.o
    0x08001eb4   0x08001eb4   0x0000008c   Code   RO          357    i.HAL_InitTick      stm32f4xx_hal_timebase_tim.o
    0x08001f40   0x08001f40   0x00000002   Code   RO         1389    i.HAL_MspInit       stm32f4xx_hal.o
    0x08001f42   0x08001f42   0x0000001a   Code   RO         1221    i.HAL_NVIC_EnableIRQ  stm32f4xx_hal_cortex.o
    0x08001f5c   0x08001f5c   0x00000040   Code   RO         1227    i.HAL_NVIC_SetPriority  stm32f4xx_hal_cortex.o
    0x08001f9c   0x08001f9c   0x00000024   Code   RO         1228    i.HAL_NVIC_SetPriorityGrouping  stm32f4xx_hal_cortex.o
    0x08001fc0   0x08001fc0   0x00000134   Code   RO          397    i.HAL_RCC_ClockConfig  stm32f4xx_hal_rcc.o
    0x080020f4   0x080020f4   0x00000040   Code   RO          401    i.HAL_RCC_GetClockConfig  stm32f4xx_hal_rcc.o
    0x08002134   0x08002134   0x00000020   Code   RO          404    i.HAL_RCC_GetPCLK1Freq  stm32f4xx_hal_rcc.o
    0x08002154   0x08002154   0x00000020   Code   RO          405    i.HAL_RCC_GetPCLK2Freq  stm32f4xx_hal_rcc.o
    0x08002174   0x08002174   0x00000064   Code   RO          406    i.HAL_RCC_GetSysClockFreq  stm32f4xx_hal_rcc.o
    0x080021d8   0x080021d8   0x0000008c   Code   RO          407    i.HAL_RCC_MCOConfig  stm32f4xx_hal_rcc.o
    0x08002264   0x08002264   0x0000036c   Code   RO          409    i.HAL_RCC_OscConfig  stm32f4xx_hal_rcc.o
    0x080025d0   0x080025d0   0x00000002   Code   RO         2797    i.HAL_TIMEx_BreakCallback  stm32f4xx_hal_tim_ex.o
    0x080025d2   0x080025d2   0x00000002   Code   RO         2798    i.HAL_TIMEx_CommutCallback  stm32f4xx_hal_tim_ex.o
    0x080025d4   0x080025d4   0x0000005a   Code   RO         2093    i.HAL_TIM_Base_Init  stm32f4xx_hal_tim.o
    0x0800262e   0x0800262e   0x00000002   Code   RO         2095    i.HAL_TIM_Base_MspInit  stm32f4xx_hal_tim.o
    0x08002630   0x08002630   0x0000006c   Code   RO         2098    i.HAL_TIM_Base_Start_IT  stm32f4xx_hal_tim.o
    0x0800269c   0x0800269c   0x00000002   Code   RO         2127    i.HAL_TIM_IC_CaptureCallback  stm32f4xx_hal_tim.o
    0x0800269e   0x0800269e   0x00000130   Code   RO         2141    i.HAL_TIM_IRQHandler  stm32f4xx_hal_tim.o
    0x080027ce   0x080027ce   0x00000002   Code   RO         2144    i.HAL_TIM_OC_DelayElapsedCallback  stm32f4xx_hal_tim.o
    0x080027d0   0x080027d0   0x000000cc   Code   RO         2165    i.HAL_TIM_PWM_ConfigChannel  stm32f4xx_hal_tim.o
    0x0800289c   0x0800289c   0x0000005a   Code   RO         2168    i.HAL_TIM_PWM_Init  stm32f4xx_hal_tim.o
    0x080028f6   0x080028f6   0x00000002   Code   RO         2170    i.HAL_TIM_PWM_MspInit  stm32f4xx_hal_tim.o
    0x080028f8   0x080028f8   0x00000002   Code   RO         2171    i.HAL_TIM_PWM_PulseFinishedCallback  stm32f4xx_hal_tim.o
    0x080028fa   0x080028fa   0x00000002   PAD
    0x080028fc   0x080028fc   0x000000b0   Code   RO         2173    i.HAL_TIM_PWM_Start  stm32f4xx_hal_tim.o
    0x080029ac   0x080029ac   0x00000014   Code   RO           14    i.HAL_TIM_PeriodElapsedCallback  main.o
    0x080029c0   0x080029c0   0x00000002   Code   RO         2184    i.HAL_TIM_TriggerCallback  stm32f4xx_hal_tim.o
    0x080029c2   0x080029c2   0x00000002   Code   RO         3076    i.HAL_UARTEx_RxEventCallback  stm32f4xx_hal_uart.o
    0x080029c4   0x080029c4   0x00000002   Code   RO         3090    i.HAL_UART_ErrorCallback  stm32f4xx_hal_uart.o
    0x080029c6   0x080029c6   0x00000002   PAD
    0x080029c8   0x080029c8   0x00000270   Code   RO         3093    i.HAL_UART_IRQHandler  stm32f4xx_hal_uart.o
    0x08002c38   0x08002c38   0x00000064   Code   RO         3094    i.HAL_UART_Init     stm32f4xx_hal_uart.o
    0x08002c9c   0x08002c9c   0x00000140   Code   RO         4678    i.HAL_UART_MspInit  usart.o
    0x08002ddc   0x08002ddc   0x0000001c   Code   RO         3099    i.HAL_UART_Receive_IT  stm32f4xx_hal_uart.o
    0x08002df8   0x08002df8   0x00000030   Code   RO         4679    i.HAL_UART_RxCpltCallback  usart.o
    0x08002e28   0x08002e28   0x00000078   Code   RO         3103    i.HAL_UART_Transmit_DMA  stm32f4xx_hal_uart.o
    0x08002ea0   0x08002ea0   0x00000002   Code   RO         3105    i.HAL_UART_TxCpltCallback  stm32f4xx_hal_uart.o
    0x08002ea2   0x08002ea2   0x00000002   Code   RO         3106    i.HAL_UART_TxHalfCpltCallback  stm32f4xx_hal_uart.o
    0x08002ea4   0x08002ea4   0x00000002   Code   RO          285    i.HardFault_Handler  stm32f4xx_it.o
    0x08002ea6   0x08002ea6   0x00000002   PAD
    0x08002ea8   0x08002ea8   0x00000030   Code   RO         4769    i.I2C1_Init         iic.o
    0x08002ed8   0x08002ed8   0x00000002   Code   RO          286    i.MemManage_Handler  stm32f4xx_it.o
    0x08002eda   0x08002eda   0x00000002   Code   RO          287    i.NMI_Handler       stm32f4xx_it.o
    0x08002edc   0x08002edc   0x0000002c   Code   RO         4598    i.SysTick_Handler   port.o
    0x08002f08   0x08002f08   0x00000098   Code   RO           15    i.SystemClock_Config  main.o
    0x08002fa0   0x08002fa0   0x00000010   Code   RO         3428    i.SystemInit        system_stm32f4xx.o
    0x08002fb0   0x08002fb0   0x0000000c   Code   RO          288    i.TIM1_UP_TIM10_IRQHandler  stm32f4xx_it.o
    0x08002fbc   0x08002fbc   0x000000a4   Code   RO         2186    i.TIM_Base_SetConfig  stm32f4xx_hal_tim.o
    0x08003060   0x08003060   0x0000001a   Code   RO         2187    i.TIM_CCxChannelCmd  stm32f4xx_hal_tim.o
    0x0800307a   0x0800307a   0x00000002   PAD
    0x0800307c   0x0800307c   0x00000050   Code   RO         2199    i.TIM_OC1_SetConfig  stm32f4xx_hal_tim.o
    0x080030cc   0x080030cc   0x00000058   Code   RO         2200    i.TIM_OC2_SetConfig  stm32f4xx_hal_tim.o
    0x08003124   0x08003124   0x00000058   Code   RO         2201    i.TIM_OC3_SetConfig  stm32f4xx_hal_tim.o
    0x0800317c   0x0800317c   0x00000044   Code   RO         2202    i.TIM_OC4_SetConfig  stm32f4xx_hal_tim.o
    0x080031c0   0x080031c0   0x00000010   Code   RO         3107    i.UART_DMAAbortOnError  stm32f4xx_hal_uart.o
    0x080031d0   0x080031d0   0x0000004a   Code   RO         3108    i.UART_DMAError     stm32f4xx_hal_uart.o
    0x0800321a   0x0800321a   0x00000042   Code   RO         3113    i.UART_DMATransmitCplt  stm32f4xx_hal_uart.o
    0x0800325c   0x0800325c   0x0000000a   Code   RO         3115    i.UART_DMATxHalfCplt  stm32f4xx_hal_uart.o
    0x08003266   0x08003266   0x0000004e   Code   RO         3117    i.UART_EndRxTransfer  stm32f4xx_hal_uart.o
    0x080032b4   0x080032b4   0x0000001c   Code   RO         3118    i.UART_EndTxTransfer  stm32f4xx_hal_uart.o
    0x080032d0   0x080032d0   0x000000c2   Code   RO         3119    i.UART_Receive_IT   stm32f4xx_hal_uart.o
    0x08003392   0x08003392   0x00000002   PAD
    0x08003394   0x08003394   0x0000010c   Code   RO         3120    i.UART_SetConfig    stm32f4xx_hal_uart.o
    0x080034a0   0x080034a0   0x00000036   Code   RO         3122    i.UART_Start_Receive_IT  stm32f4xx_hal_uart.o
    0x080034d6   0x080034d6   0x00000002   PAD
    0x080034d8   0x080034d8   0x0000000c   Code   RO         4680    i.USART2_IRQHandler  usart.o
    0x080034e4   0x080034e4   0x00000002   Code   RO          289    i.UsageFault_Handler  stm32f4xx_it.o
    0x080034e6   0x080034e6   0x00000030   Code   RO         5635    i.__ARM_fpclassify  m_wm.l(fpclassify.o)
    0x08003516   0x08003516   0x00000020   Code   RO         1234    i.__NVIC_SetPriority  stm32f4xx_hal_cortex.o
    0x08003536   0x08003536   0x00000002   Code   RO         4682    i._sys_exit         usart.o
    0x08003538   0x08003538   0x00000018   Code   RO         4953    i.atkp_init         atkp.o
    0x08003550   0x08003550   0x00000074   Code   RO         4915    i.atkp_packet_dispatch  radio_comm.o
    0x080035c4   0x080035c4   0x00000020   Code   RO         4954    i.atkp_rx_task      atkp.o
    0x080035e4   0x080035e4   0x0000000c   Code   RO         4955    i.atkp_rxpacket_handle  atkp.o
    0x080035f0   0x080035f0   0x00000014   Code   RO         4916    i.atkp_send_packet  radio_comm.o
    0x08003604   0x08003604   0x00000018   Code   RO         4856    i.fill_queue        usart_comm.o
    0x0800361c   0x0800361c   0x0000004c   Code   RO         5024    i.flightCtrldataCache  commander.o
    0x08003668   0x08003668   0x00000014   Code   RO         4684    i.fputc             usart.o
    0x0800367c   0x0800367c   0x00000020   Code   RO         4857    i.get_data_from_usart  usart_comm.o
    0x0800369c   0x0800369c   0x00000058   Code   RO           16    i.main              main.o
    0x080036f4   0x080036f4   0x00000168   Code   RO         5322    i.motorsInit        motor.o
    0x0800385c   0x0800385c   0x00000070   Code   RO         3706    i.prvAddCurrentTaskToDelayedList  tasks.o
    0x080038cc   0x080038cc   0x000000d0   Code   RO         3707    i.prvAddNewTaskToReadyList  tasks.o
    0x0800399c   0x0800399c   0x0000005c   Code   RO         4020    i.prvCheckForValidListAndQueue  timers.o
    0x080039f8   0x080039f8   0x00000026   Code   RO         3511    i.prvCopyDataFromQueue  queue.o
    0x08003a1e   0x08003a1e   0x0000006c   Code   RO         3512    i.prvCopyDataToQueue  queue.o
    0x08003a8a   0x08003a8a   0x00000034   Code   RO         3708    i.prvDeleteTCB      tasks.o
    0x08003abe   0x08003abe   0x00000002   PAD
    0x08003ac0   0x08003ac0   0x0000004c   Code   RO         4542    i.prvHeapInit       heap_4.o
    0x08003b0c   0x08003b0c   0x00000064   Code   RO         3709    i.prvIdleTask       tasks.o
    0x08003b70   0x08003b70   0x00000016   Code   RO         3514    i.prvInitialiseNewQueue  queue.o
    0x08003b86   0x08003b86   0x00000098   Code   RO         3710    i.prvInitialiseNewTask  tasks.o
    0x08003c1e   0x08003c1e   0x00000002   PAD
    0x08003c20   0x08003c20   0x0000004c   Code   RO         4543    i.prvInsertBlockIntoFreeList  heap_4.o
    0x08003c6c   0x08003c6c   0x00000038   Code   RO         4022    i.prvInsertTimerInActiveList  timers.o
    0x08003ca4   0x08003ca4   0x0000001c   Code   RO         3515    i.prvIsQueueEmpty   queue.o
    0x08003cc0   0x08003cc0   0x000000f0   Code   RO         4023    i.prvProcessReceivedCommands  timers.o
    0x08003db0   0x08003db0   0x000000c0   Code   RO         4024    i.prvProcessTimerOrBlockTask  timers.o
    0x08003e70   0x08003e70   0x00000020   Code   RO         3711    i.prvResetNextTaskUnblockTime  tasks.o
    0x08003e90   0x08003e90   0x00000028   Code   RO         4025    i.prvSampleTimeNow  timers.o
    0x08003eb8   0x08003eb8   0x0000006c   Code   RO         4026    i.prvSwitchTimerLists  timers.o
    0x08003f24   0x08003f24   0x00000028   Code   RO         4599    i.prvTaskExitError  port.o
    0x08003f4c   0x08003f4c   0x00000024   Code   RO         4027    i.prvTimerTask      timers.o
    0x08003f70   0x08003f70   0x0000006a   Code   RO         3516    i.prvUnlockQueue    queue.o
    0x08003fda   0x08003fda   0x00000002   PAD
    0x08003fdc   0x08003fdc   0x000000dc   Code   RO         4544    i.pvPortMalloc      heap_4.o
    0x080040b8   0x080040b8   0x0000002c   Code   RO         4600    i.pxPortInitialiseStack  port.o
    0x080040e4   0x080040e4   0x000000e8   Code   RO         4917    i.radio_comm_task   radio_comm.o
    0x080041cc   0x080041cc   0x00000018   Code   RO         4918    i.radio_init        radio_comm.o
    0x080041e4   0x080041e4   0x00000174   Code   RO         4997    i.remoter_rxpacket_handle  remoter.o
    0x08004358   0x08004358   0x00000058   Code   RO         4998    i.sendMsgACK        remoter.o
    0x080043b0   0x080043b0   0x0000001c   Code   RO         4957    i.send_atkp_packet  atkp.o
    0x080043cc   0x080043cc   0x00000010   Code   RO         5025    i.setCommanderCtrlMode  commander.o
    0x080043dc   0x080043dc   0x00000010   Code   RO         5026    i.setCommanderFlightmode  commander.o
    0x080043ec   0x080043ec   0x00000070   Code   RO           17    i.start_task        main.o
    0x0800445c   0x0800445c   0x00000028   Code   RO         4685    i.usart1_init       usart.o
    0x08004484   0x08004484   0x00000044   Code   RO         4686    i.usart2_init       usart.o
    0x080044c8   0x080044c8   0x00000018   Code   RO         4858    i.usart_comm_init   usart_comm.o
    0x080044e0   0x080044e0   0x00000058   Code   RO         4859    i.usart_dma_send_nrf  usart_comm.o
    0x08004538   0x08004538   0x00000026   Code   RO         3462    i.uxListRemove      list.o
    0x0800455e   0x0800455e   0x00000002   PAD
    0x08004560   0x08004560   0x00000014   Code   RO          235    i.vApplicationGetIdleTaskMemory  freertos.o
    0x08004574   0x08004574   0x00000014   Code   RO          236    i.vApplicationGetTimerTaskMemory  freertos.o
    0x08004588   0x08004588   0x00000002   Code   RO          237    i.vApplicationIdleHook  freertos.o
    0x0800458a   0x0800458a   0x00000016   Code   RO         3463    i.vListInitialise   list.o
    0x080045a0   0x080045a0   0x00000006   Code   RO         3464    i.vListInitialiseItem  list.o
    0x080045a6   0x080045a6   0x00000030   Code   RO         3465    i.vListInsert       list.o
    0x080045d6   0x080045d6   0x00000018   Code   RO         3466    i.vListInsertEnd    list.o
    0x080045ee   0x080045ee   0x00000002   PAD
    0x080045f0   0x080045f0   0x00000040   Code   RO         4602    i.vPortEnterCritical  port.o
    0x08004630   0x08004630   0x00000028   Code   RO         4603    i.vPortExitCritical  port.o
    0x08004658   0x08004658   0x00000064   Code   RO         4545    i.vPortFree         heap_4.o
    0x080046bc   0x080046bc   0x00000024   Code   RO         4604    i.vPortSetupTimerInterrupt  port.o
    0x080046e0   0x080046e0   0x00000054   Code   RO         4605    i.vPortValidateInterruptPriority  port.o
    0x08004734   0x08004734   0x00000028   Code   RO         3520    i.vQueueAddToRegistry  queue.o
    0x0800475c   0x0800475c   0x00000044   Code   RO         3523    i.vQueueWaitForMessageRestricted  queue.o
    0x080047a0   0x080047a0   0x000000ac   Code   RO         3721    i.vTaskDelete       tasks.o
    0x0800484c   0x0800484c   0x00000010   Code   RO         3723    i.vTaskInternalSetTimeOutState  tasks.o
    0x0800485c   0x0800485c   0x0000000c   Code   RO         3724    i.vTaskMissedYield  tasks.o
    0x08004868   0x08004868   0x00000030   Code   RO         3726    i.vTaskPlaceOnEventList  tasks.o
    0x08004898   0x08004898   0x00000038   Code   RO         3727    i.vTaskPlaceOnEventListRestricted  tasks.o
    0x080048d0   0x080048d0   0x00000088   Code   RO         3734    i.vTaskStartScheduler  tasks.o
    0x08004958   0x08004958   0x00000010   Code   RO         3736    i.vTaskSuspendAll   tasks.o
    0x08004968   0x08004968   0x0000005c   Code   RO         3737    i.vTaskSwitchContext  tasks.o
    0x080049c4   0x080049c4   0x000000f4   Code   RO         4606    i.xPortStartScheduler  port.o
    0x08004ab8   0x08004ab8   0x00000042   Code   RO         3526    i.xQueueGenericCreate  queue.o
    0x08004afa   0x08004afa   0x00000066   Code   RO         3527    i.xQueueGenericCreateStatic  queue.o
    0x08004b60   0x08004b60   0x00000088   Code   RO         3528    i.xQueueGenericReset  queue.o
    0x08004be8   0x08004be8   0x00000160   Code   RO         3529    i.xQueueGenericSend  queue.o
    0x08004d48   0x08004d48   0x000000be   Code   RO         3530    i.xQueueGenericSendFromISR  queue.o
    0x08004e06   0x08004e06   0x0000009c   Code   RO         3531    i.xQueueGiveFromISR  queue.o
    0x08004ea2   0x08004ea2   0x00000002   PAD
    0x08004ea4   0x08004ea4   0x00000138   Code   RO         3536    i.xQueueReceive     queue.o
    0x08004fdc   0x08004fdc   0x00000074   Code   RO         3739    i.xTaskCheckForTimeOut  tasks.o
    0x08005050   0x08005050   0x0000005a   Code   RO         3740    i.xTaskCreate       tasks.o
    0x080050aa   0x080050aa   0x00000056   Code   RO         3741    i.xTaskCreateStatic  tasks.o
    0x08005100   0x08005100   0x0000001c   Code   RO         3745    i.xTaskGetSchedulerState  tasks.o
    0x0800511c   0x0800511c   0x0000000c   Code   RO         3746    i.xTaskGetTickCount  tasks.o
    0x08005128   0x08005128   0x000000cc   Code   RO         3748    i.xTaskIncrementTick  tasks.o
    0x080051f4   0x080051f4   0x00000098   Code   RO         3751    i.xTaskPriorityDisinherit  tasks.o
    0x0800528c   0x0800528c   0x00000074   Code   RO         3753    i.xTaskRemoveFromEventList  tasks.o
    0x08005300   0x08005300   0x000000c4   Code   RO         3754    i.xTaskResumeAll    tasks.o
    0x080053c4   0x080053c4   0x00000060   Code   RO         4034    i.xTimerCreateTimerTask  timers.o
    0x08005424   0x08005424   0x00000060   Code   RO         4035    i.xTimerGenericCommand  timers.o
    0x08005484   0x08005484   0x0000002c   Code   RO         5631    locale$$code        c_w.l(lc_numeric_c.o)
    0x080054b0   0x080054b0   0x0000000c   Code   RO         5508    x$fpl$dretinf       fz_wm.l(dretinf.o)
    0x080054bc   0x080054bc   0x00000056   Code   RO         5442    x$fpl$f2d           fz_wm.l(f2d.o)
    0x08005512   0x08005512   0x0000008c   Code   RO         5510    x$fpl$fnaninf       fz_wm.l(fnaninf.o)
    0x0800559e   0x0800559e   0x0000000a   Code   RO         5715    x$fpl$fpinit        fz_wm.l(fpinit.o)
    0x080055a8   0x080055a8   0x00000004   Code   RO         5446    x$fpl$printf1       fz_wm.l(printf1.o)
    0x080055ac   0x080055ac   0x00000000   Code   RO         5516    x$fpl$usenofp       fz_wm.l(usenofp.o)
    0x080055ac   0x080055ac   0x00000008   Data   RO          924    .constdata          stm32f4xx_hal_dma.o
    0x080055b4   0x080055b4   0x00000010   Data   RO         3429    .constdata          system_stm32f4xx.o
    0x080055c4   0x080055c4   0x00000008   Data   RO         3430    .constdata          system_stm32f4xx.o
    0x080055cc   0x080055cc   0x00000028   Data   RO         5372    .constdata          c_w.l(_printf_hex_int.o)
    0x080055f4   0x080055f4   0x00000094   Data   RO         5602    .constdata          c_w.l(bigflt0.o)
    0x08005688   0x08005688   0x00000020   Data   RO         5777    Region$$Table       anon$$obj.o
    0x080056a8   0x080056a8   0x0000001c   Data   RO         5630    locale$$data        c_w.l(lc_numeric_c.o)


    Execution Region RW_IRAM1 (Exec base: 0x20000000, Load base: 0x080056c4, Size: 0x00008a40, Max: 0x00020000, ABSOLUTE)

    Exec Addr    Load Addr    Size         Type   Attr      Idx    E Section Name        Object

    0x20000000   0x080056c4   0x0000000c   Data   RW           18    .data               main.o
    0x2000000c   0x080056d0   0x0000000c   Data   RW         1393    .data               stm32f4xx_hal.o
    0x20000018   0x080056dc   0x00000004   Data   RW         3431    .data               system_stm32f4xx.o
    0x2000001c   0x080056e0   0x0000003c   Data   RW         3757    .data               tasks.o
    0x20000058   0x0800571c   0x00000014   Data   RW         4041    .data               timers.o
    0x2000006c   0x08005730   0x00000020   Data   RW         4551    .data               heap_4.o
    0x2000008c   0x08005750   0x0000000c   Data   RW         4607    .data               port.o
    0x20000098   0x0800575c   0x00000004   Data   RW         4688    .data               usart.o
    0x2000009c   0x08005760   0x00000001   Data   RW         4689    .data               usart.o
    0x2000009d   0x08005761   0x00000003   PAD
    0x200000a0   0x08005764   0x00000004   Data   RW         4860    .data               usart_comm.o
    0x200000a4   0x08005768   0x00000008   Data   RW         4921    .data               radio_comm.o
    0x200000ac   0x08005770   0x00000004   Data   RW         4958    .data               atkp.o
    0x200000b0   0x08005774   0x00000001   Data   RW         5000    .data               remoter.o
    0x200000b1   0x08005775   0x00000001   Data   RW         5029    .data               commander.o
    0x200000b2   0x08005776   0x00000006   PAD
    0x200000b8   0x0800577c   0x00000048   Data   RW         5095    .data               sensors.o
    0x20000100   0x080057c4   0x00000001   Data   RW         5326    .data               motor.o
    0x20000101   0x080057c5   0x00000003   PAD
    0x20000104        -       0x00000558   Zero   RW          238    .bss                freertos.o
    0x2000065c        -       0x00000048   Zero   RW          360    .bss                stm32f4xx_hal_timebase_tim.o
    0x200006a4        -       0x00000040   Zero   RW         3539    .bss                queue.o
    0x200006e4        -       0x0000012c   Zero   RW         3756    .bss                tasks.o
    0x20000810        -       0x00000160   Zero   RW         4040    .bss                timers.o
    0x20000970        -       0x00007800   Zero   RW         4550    .bss                heap_4.o
    0x20008170        -       0x000000f0   Zero   RW         4687    .bss                usart.o
    0x20008260        -       0x00000054   Zero   RW         4778    .bss                iic.o
    0x200082b4        -       0x00000040   Zero   RW         4919    .bss                radio_comm.o
    0x200082f4        -       0x00000024   Zero   RW         4999    .bss                remoter.o
    0x20008318        -       0x00000034   Zero   RW         5027    .bss                commander.o
    0x2000834c        -       0x00000090   Zero   RW         5325    .bss                motor.o
    0x200083dc        -       0x00000060   Zero   RW         5640    .bss                c_w.l(libspace.o)
    0x2000843c   0x080057c5   0x00000004   PAD
    0x20008440        -       0x00000200   Zero   RW            2    HEAP                startup_stm32f411xe.o
    0x20008640        -       0x00000400   Zero   RW            1    STACK               startup_stm32f411xe.o


==============================================================================

Image component sizes


      Code (inc. data)   RO Data    RW Data    ZI Data      Debug   Object Name

        96         16          0          4          0       3965   atkp.o
       108         12          0          1         52       1858   commander.o
        42          8          0          0       1368       2420   freertos.o
       472         24          0         32      30720       4843   heap_4.o
       156         28          0          0         84       1832   iic.o
       138          0          0          0          0       5962   list.o
       372         82          0         12          0     460618   main.o
       360         24          0          1        144       1740   motor.o
       786         82          0         12          0      11809   port.o
      1724         20          0          0         64      37194   queue.o
       392         70          0          8         64       3655   radio_comm.o
       460        136          0          1         36       2787   remoter.o
        48          8          0         72          0       4145   sensors.o
        64         26        408          0       1536        840   startup_stm32f411xe.o
        82         14          0         12          0       8428   stm32f4xx_hal.o
       158         14          0          0          0      33014   stm32f4xx_hal_cortex.o
      1084         16          8          0          0       7322   stm32f4xx_hal_dma.o
       480         34          0          0          0       1500   stm32f4xx_hal_gpio.o
       392         16          0          0          0       3219   stm32f4xx_hal_i2c.o
      1552        100          0          0          0       6797   stm32f4xx_hal_rcc.o
      1498         88          0          0          0      13993   stm32f4xx_hal_tim.o
         4          0          0          0          0       1621   stm32f4xx_hal_tim_ex.o
       140         20          0          0         72       1423   stm32f4xx_hal_timebase_tim.o
      1668         30          0          0          0      13046   stm32f4xx_hal_uart.o
        52         18          0          0          0       4197   stm32f4xx_it.o
        16          4         24          4          0       1115   system_stm32f4xx.o
      2204        168          0         60        300      26733   tasks.o
       956         86          0         20        352      29959   timers.o
       510         80          0          5        240       5825   usart.o
       168         30          0          4          0       3219   usart_comm.o

    ----------------------------------------------------------------------
     16216       1254        472        260      35032     705079   Object Totals
         0          0         32          0          0          0   (incl. Generated)
        34          0          0         12          0          0   (incl. Padding)

    ----------------------------------------------------------------------

      Code (inc. data)   RO Data    RW Data    ZI Data      Debug   Library Member Name

         8          0          0          0          0         68   __main.o
       104          0          0          0          0         84   __printf.o
         0          0          0          0          0          0   __rtentry.o
        12          0          0          0          0          0   __rtentry2.o
         6          0          0          0          0          0   __rtentry4.o
        52          8          0          0          0          0   __scatter.o
        26          0          0          0          0          0   __scatter_copy.o
        28          0          0          0          0          0   __scatter_zi.o
        48          6          0          0          0         96   _printf_char_common.o
        36          4          0          0          0         80   _printf_char_file.o
         6          0          0          0          0          0   _printf_f.o
      1054          0          0          0          0        216   _printf_fp_dec.o
       128         16          0          0          0         84   _printf_fp_infnan.o
        88          4         40          0          0         88   _printf_hex_int.o
       178          0          0          0          0         88   _printf_intcommon.o
         0          0          0          0          0          0   _printf_percent.o
         4          0          0          0          0          0   _printf_percent_end.o
         6          0          0          0          0          0   _printf_x.o
       228          4        148          0          0         96   bigflt0.o
      1936        128          0          0          0        672   btod.o
        18          0          0          0          0         80   exit.o
         8          0          0          0          0         68   ferror.o
         6          0          0          0          0        152   heapauxi.o
        44         10         28          0          0         76   lc_numeric_c.o
         2          0          0          0          0          0   libinit.o
        22          0          0          0          0          0   libinit2.o
         2          0          0          0          0          0   libshutdown.o
         2          0          0          0          0          0   libshutdown2.o
         8          4          0          0         96         68   libspace.o
       138          0          0          0          0         80   lludiv10.o
       238          0          0          0          0        100   lludivv7m.o
        24          4          0          0          0         84   noretval__2printf.o
         8          4          0          0          0         68   rt_locale_intlibspace.o
        78          0          0          0          0         80   rt_memclr_w.o
       138          0          0          0          0         68   rt_memcpy_v6.o
       100          0          0          0          0         80   rt_memcpy_w.o
         2          0          0          0          0          0   rtexit.o
        10          0          0          0          0          0   rtexit2.o
       128          0          0          0          0         68   strcmpv7m.o
        74          0          0          0          0         80   sys_stackheap_outer.o
         2          0          0          0          0         68   use_no_semi.o
         2          0          0          0          0         68   use_no_semi_2.o
        12          0          0          0          0        116   dretinf.o
        86          4          0          0          0        132   f2d.o
       140          4          0          0          0        132   fnaninf.o
        10          0          0          0          0        116   fpinit.o
         4          0          0          0          0        116   printf1.o
         0          0          0          0          0          0   usenofp.o
        48          0          0          0          0        124   fpclassify.o

    ----------------------------------------------------------------------
      5308        200        216          0        100       3596   Library Totals
         6          0          0          0          4          0   (incl. Padding)

    ----------------------------------------------------------------------

      Code (inc. data)   RO Data    RW Data    ZI Data      Debug   Library Name

      5002        192        216          0         96       2860   c_w.l
       252          8          0          0          0        612   fz_wm.l
        48          0          0          0          0        124   m_wm.l

    ----------------------------------------------------------------------
      5308        200        216          0        100       3596   Library Totals

    ----------------------------------------------------------------------

==============================================================================


      Code (inc. data)   RO Data    RW Data    ZI Data      Debug   

     21524       1454        688        260      35132     690115   Grand Totals
     21524       1454        688        260      35132     690115   ELF Image Totals
     21524       1454        688        260          0          0   ROM Totals

==============================================================================

    Total RO  Size (Code + RO Data)                22212 (  21.69kB)
    Total RW  Size (RW Data + ZI Data)             35392 (  34.56kB)
    Total ROM Size (Code + RO Data + RW Data)      22472 (  21.95kB)

==============================================================================

